Component: ARM Compiler 5.06 update 3 (build 300) Tool: armlink [4d35c9]

==============================================================================

Section Cross References

    cli.o(i.count) refers to main.o(.data) for dist
    cli.o(i.count) refers to cli.o(.data) for match
    cli.o(i.count) refers to usart_stm32f7xx.o(.constdata) for Driver_USART7
    cli.o(i.get_command) refers to _printf_percent.o(.ARM.Collect$$_printf_percent$$00000000) for _printf_percent
    cli.o(i.get_command) refers to _printf_d.o(.ARM.Collect$$_printf_percent$$00000009) for _printf_d
    cli.o(i.get_command) refers to _printf_dec.o(.text) for _printf_int_dec
    cli.o(i.get_command) refers to strlen.o(.text) for strlen
    cli.o(i.get_command) refers to rt_memclr_w.o(.text) for __aeabi_memclr4
    cli.o(i.get_command) refers to strcpy.o(.text) for strcpy
    cli.o(i.get_command) refers to glcd_746g_discovery.o(i.GLCD_DrawString) for GLCD_DrawString
    cli.o(i.get_command) refers to strncat.o(.text) for strncat
    cli.o(i.get_command) refers to __2sprintf.o(.text) for __2sprintf
    cli.o(i.get_command) refers to usart_stm32f7xx.o(.constdata) for Driver_USART7
    cli.o(i.go_forward) refers to cli.o(i.count) for count
    cli.o(i.go_forward) refers to cli.o(.data) for match
    cli.o(i.lidar_scan) refers to _printf_percent.o(.ARM.Collect$$_printf_percent$$00000000) for _printf_percent
    cli.o(i.lidar_scan) refers to _printf_x.o(.ARM.Collect$$_printf_percent$$0000000C) for _printf_x
    cli.o(i.lidar_scan) refers to _printf_hex_int.o(.text) for _printf_longlong_hex
    cli.o(i.lidar_scan) refers to __2sprintf.o(.text) for __2sprintf
    cli.o(i.lidar_scan) refers to glcd_746g_discovery.o(i.GLCD_DrawString) for GLCD_DrawString
    cli.o(i.lidar_scan) refers to cli.o(.data) for scan_done
    cli.o(i.lidar_scan) refers to usart_stm32f7xx.o(.constdata) for Driver_USART6
    cli.o(i.myUSART6_callback) refers to glcd_746g_discovery.o(i.GLCD_DrawString) for GLCD_DrawString
    cli.o(i.myUSART6_callback) refers to cli.o(.data) for scan_done
    cli.o(i.myUSART6_callback) refers to main.o(.data) for UART6_sent
    cli.o(i.myUSART7_callback) refers to main.o(.data) for UART7_sent
    cli.o(i.parse_command) refers to _printf_percent.o(.ARM.Collect$$_printf_percent$$00000000) for _printf_percent
    cli.o(i.parse_command) refers to _printf_x.o(.ARM.Collect$$_printf_percent$$0000000C) for _printf_x
    cli.o(i.parse_command) refers to _printf_hex_int.o(.text) for _printf_longlong_hex
    cli.o(i.parse_command) refers to _printf_pad.o(.text) for _printf_pre_padding
    cli.o(i.parse_command) refers to _printf_d.o(.ARM.Collect$$_printf_percent$$00000009) for _printf_d
    cli.o(i.parse_command) refers to _printf_f.o(.ARM.Collect$$_printf_percent$$00000003) for _printf_f
    cli.o(i.parse_command) refers to _printf_dec.o(.text) for _printf_int_dec
    cli.o(i.parse_command) refers to printf1.o(x$fpl$printf1) for _printf_fp_dec
    cli.o(i.parse_command) refers to strcmpv7m_pel.o(.text) for strcmp
    cli.o(i.parse_command) refers to glcd_746g_discovery.o(i.GLCD_ClearScreen) for GLCD_ClearScreen
    cli.o(i.parse_command) refers to glcd_746g_discovery.o(i.GLCD_DrawString) for GLCD_DrawString
    cli.o(i.parse_command) refers to atoi.o(.text) for atoi
    cli.o(i.parse_command) refers to cli.o(i.go_forward) for go_forward
    cli.o(i.parse_command) refers to cli.o(i.set_wheels) for set_wheels
    cli.o(i.parse_command) refers to cli.o(i.block) for block
    cli.o(i.parse_command) refers to __2sprintf.o(.text) for __2sprintf
    cli.o(i.parse_command) refers to f2d.o(x$fpl$f2d) for __aeabi_f2d
    cli.o(i.parse_command) refers to ddiv.o(x$fpl$ddiv) for __aeabi_ddiv
    cli.o(i.parse_command) refers to d2f.o(x$fpl$d2f) for __aeabi_d2f
    cli.o(i.parse_command) refers to dmul.o(x$fpl$dmul) for __aeabi_dmul
    cli.o(i.parse_command) refers to cos.o(i.__hardfp_cos) for __hardfp_cos
    cli.o(i.parse_command) refers to dfix.o(x$fpl$dfix) for __aeabi_d2iz
    cli.o(i.parse_command) refers to usart_stm32f7xx.o(.constdata) for Driver_USART7
    cli.o(i.parse_command) refers to main.o(.data) for new_line
    cli.o(i.parse_command) refers to cli.o(.data) for match
    cli.o(i.parse_command) refers to sin.o(i.__hardfp_sin) for __hardfp_sin
    cli.o(i.parse_command) refers to dflt_clz.o(x$fpl$dflt) for __aeabi_i2d
    cli.o(i.parse_command) refers to daddsub_clz.o(x$fpl$dadd) for __aeabi_dadd
    cli.o(i.parse_command) refers to dflt_clz.o(x$fpl$dfltu) for __aeabi_ui2d
    cli.o(i.set_wheels) refers to dflt_clz.o(x$fpl$dflt) for __aeabi_i2d
    cli.o(i.set_wheels) refers to dmul.o(x$fpl$dmul) for __aeabi_dmul
    cli.o(i.set_wheels) refers to ddiv.o(x$fpl$ddiv) for __aeabi_ddiv
    cli.o(i.set_wheels) refers to dfix.o(x$fpl$dfix) for __aeabi_d2iz
    main.o(i.EXTI15_10_IRQHandler) refers to main.o(i.print_num) for print_num
[...]
    i.HAL_RCC_GetHCLKFreq                    0x080035a4   Section        0  stm32f7xx_hal_rcc.o(i.HAL_RCC_GetHCLKFreq)
    i.HAL_RCC_GetPCLK1Freq                   0x080035b0   Section        0  stm32f7xx_hal_rcc.o(i.HAL_RCC_GetPCLK1Freq)
    i.HAL_RCC_GetPCLK2Freq                   0x080035dc   Section        0  stm32f7xx_hal_rcc.o(i.HAL_RCC_GetPCLK2Freq)
    i.HAL_RCC_GetSysClockFreq                0x08003608   Section        0  stm32f7xx_hal_rcc.o(i.HAL_RCC_GetSysClockFreq)
    i.HAL_RCC_OscConfig                      0x080036bc   Section        0  stm32f7xx_hal_rcc.o(i.HAL_RCC_OscConfig)
    i.HAL_SDRAM_Init                         0x08003b7c   Section        0  stm32f7xx_hal_sdram.o(i.HAL_SDRAM_Init)
    i.HAL_SDRAM_MspInit                      0x08003bbc   Section        0  stm32f7xx_hal_sdram.o(i.HAL_SDRAM_MspInit)
    i.HAL_SDRAM_ProgramRefreshRate           0x08003bbe   Section        0  stm32f7xx_hal_sdram.o(i.HAL_SDRAM_ProgramRefreshRate)
    i.HAL_SDRAM_SendCommand                  0x08003be6   Section        0  stm32f7xx_hal_sdram.o(i.HAL_SDRAM_SendCommand)
    i.HAL_SYSTICK_Config                     0x08003c20   Section        0  stm32f7xx_hal_cortex.o(i.HAL_SYSTICK_Config)
    i.LTDC_SetConfig                         0x08003c54   Section        0  stm32f7xx_hal_ltdc.o(i.LTDC_SetConfig)
    LTDC_SetConfig                           0x08003c55   Thumb Code   530  stm32f7xx_hal_ltdc.o(i.LTDC_SetConfig)
    i.NVIC_GetPriorityGrouping               0x08003e68   Section        0  stm32f7xx_hal_cortex.o(i.NVIC_GetPriorityGrouping)
    NVIC_GetPriorityGrouping                 0x08003e69   Thumb Code    10  stm32f7xx_hal_cortex.o(i.NVIC_GetPriorityGrouping)
    i.NVIC_SetPriority                       0x08003e78   Section        0  stm32f7xx_hal_cortex.o(i.NVIC_SetPriority)
    NVIC_SetPriority                         0x08003e79   Thumb Code    32  stm32f7xx_hal_cortex.o(i.NVIC_SetPriority)
    i.SysTick_Handler                        0x08003ea0   Section        0  setup.o(i.SysTick_Handler)
    i.SystemClock_Config                     0x08003ea8   Section        0  setup.o(i.SystemClock_Config)
    SystemClock_Config                       0x08003ea9   Thumb Code   110  setup.o(i.SystemClock_Config)
    i.SystemInit                             0x08003f18   Section        0  system_stm32f7xx.o(i.SystemInit)
    i.UART7_IRQHandler                       0x08003f7c   Section        0  usart_stm32f7xx.o(i.UART7_IRQHandler)
    i.USART6_Control                         0x08003f8c   Section        0  usart_stm32f7xx.o(i.USART6_Control)
    USART6_Control                           0x08003f8d   Thumb Code    18  usart_stm32f7xx.o(i.USART6_Control)
    i.USART6_GetCapabilities                 0x08003fa4   Section        0  usart_stm32f7xx.o(i.USART6_GetCapabilities)
    USART6_GetCapabilities                   0x08003fa5   Thumb Code    12  usart_stm32f7xx.o(i.USART6_GetCapabilities)
    i.USART6_GetModemStatus                  0x08003fb4   Section        0  usart_stm32f7xx.o(i.USART6_GetModemStatus)
    USART6_GetModemStatus                    0x08003fb5   Thumb Code    12  usart_stm32f7xx.o(i.USART6_GetModemStatus)
    i.USART6_GetRxCount                      0x08003fc4   Section        0  usart_stm32f7xx.o(i.USART6_GetRxCount)
    USART6_GetRxCount                        0x08003fc5   Thumb Code    10  usart_stm32f7xx.o(i.USART6_GetRxCount)
    i.USART6_GetStatus                       0x08003fd4   Section        0  usart_stm32f7xx.o(i.USART6_GetStatus)
    USART6_GetStatus                         0x08003fd5   Thumb Code    12  usart_stm32f7xx.o(i.USART6_GetStatus)
    i.USART6_GetTxCount                      0x08003fe4   Section        0  usart_stm32f7xx.o(i.USART6_GetTxCount)
    USART6_GetTxCount                        0x08003fe5   Thumb Code    10  usart_stm32f7xx.o(i.USART6_GetTxCount)
    i.USART6_IRQHandler                      0x08003ff4   Section        0  usart_stm32f7xx.o(i.USART6_IRQHandler)
    i.USART6_Initialize                      0x08004004   Section        0  usart_stm32f7xx.o(i.USART6_Initialize)
    USART6_Initialize                        0x08004005   Thumb Code    14  usart_stm32f7xx.o(i.USART6_Initialize)
    i.USART6_PowerControl                    0x08004018   Section        0  usart_stm32f7xx.o(i.USART6_PowerControl)
    USART6_PowerControl                      0x08004019   Thumb Code    14  usart_stm32f7xx.o(i.USART6_PowerControl)
    i.USART6_Receive                         0x0800402c   Section        0  usart_stm32f7xx.o(i.USART6_Receive)
    USART6_Receive                           0x0800402d   Thumb Code    18  usart_stm32f7xx.o(i.USART6_Receive)
    i.USART6_Send                            0x08004044   Section        0  usart_stm32f7xx.o(i.USART6_Send)
    USART6_Send                              0x08004045   Thumb Code    18  usart_stm32f7xx.o(i.USART6_Send)
    i.USART6_SetModemControl                 0x0800405c   Section        0  usart_stm32f7xx.o(i.USART6_SetModemControl)
    USART6_SetModemControl                   0x0800405d   Thumb Code    14  usart_stm32f7xx.o(i.USART6_SetModemControl)
    i.USART6_Transfer                        0x08004070   Section        0  usart_stm32f7xx.o(i.USART6_Transfer)
    USART6_Transfer                          0x08004071   Thumb Code    22  usart_stm32f7xx.o(i.USART6_Transfer)
    i.USART6_Uninitialize                    0x0800408c   Section        0  usart_stm32f7xx.o(i.USART6_Uninitialize)
    USART6_Uninitialize                      0x0800408d   Thumb Code    10  usart_stm32f7xx.o(i.USART6_Uninitialize)
    i.USART7_Control                         0x0800409c   Section        0  usart_stm32f7xx.o(i.USART7_Control)
    USART7_Control                           0x0800409d   Thumb Code    18  usart_stm32f7xx.o(i.USART7_Control)
    i.USART7_GetCapabilities                 0x080040b4   Section        0  usart_stm32f7xx.o(i.USART7_GetCapabilities)
    USART7_GetCapabilities                   0x080040b5   Thumb Code    12  usart_stm32f7xx.o(i.USART7_GetCapabilities)
    i.USART7_GetModemStatus                  0x080040c4   Section        0  usart_stm32f7xx.o(i.USART7_GetModemStatus)
    USART7_GetModemStatus                    0x080040c5   Thumb Code    12  usart_stm32f7xx.o(i.USART7_GetModemStatus)
    i.USART7_GetRxCount                      0x080040d4   Section        0  usart_stm32f7xx.o(i.USART7_GetRxCount)
    USART7_GetRxCount                        0x080040d5   Thumb Code    10  usart_stm32f7xx.o(i.USART7_GetRxCount)
    i.USART7_GetStatus                       0x080040e4   Section        0  usart_stm32f7xx.o(i.USART7_GetStatus)
    USART7_GetStatus                         0x080040e5   Thumb Code    12  usart_stm32f7xx.o(i.USART7_GetStatus)
    i.USART7_GetTxCount                      0x080040f4   Section        0  usart_stm32f7xx.o(i.USART7_GetTxCount)
    USART7_GetTxCount                        0x080040f5   Thumb Code    10  usart_stm32f7xx.o(i.USART7_GetTxCount)
    i.USART7_Initialize                      0x08004104   Section        0  usart_stm32f7xx.o(i.USART7_Initialize)
    USART7_Initialize                        0x08004105   Thumb Code    14  usart_stm32f7xx.o(i.USART7_Initialize)
    i.USART7_PowerControl                    0x08004118   Section        0  usart_stm32f7xx.o(i.USART7_PowerControl)
    USART7_PowerControl                      0x08004119   Thumb Code    14  usart_stm32f7xx.o(i.USART7_PowerControl)
    i.USART7_Receive                         0x0800412c   Section        0  usart_stm32f7xx.o(i.USART7_Receive)
    USART7_Receive                           0x0800412d   Thumb Code    18  usart_stm32f7xx.o(i.USART7_Receive)
    i.USART7_Send                            0x08004144   Section        0  usart_stm32f7xx.o(i.USART7_Send)
    USART7_Send                              0x08004145   Thumb Code    18  usart_stm32f7xx.o(i.USART7_Send)
    i.USART7_SetModemControl                 0x0800415c   Section        0  usart_stm32f7xx.o(i.USART7_SetModemControl)
    USART7_SetModemControl                   0x0800415d   Thumb Code    14  usart_stm32f7xx.o(i.USART7_SetModemControl)
    i.USART7_Transfer                        0x08004170   Section        0  usart_stm32f7xx.o(i.USART7_Transfer)
    USART7_Transfer                          0x08004171   Thumb Code    22  usart_stm32f7xx.o(i.USART7_Transfer)
    i.USART7_Uninitialize                    0x0800418c   Section        0  usart_stm32f7xx.o(i.USART7_Uninitialize)
    USART7_Uninitialize                      0x0800418d   Thumb Code    10  usart_stm32f7xx.o(i.USART7_Uninitialize)
    i.USART_Control                          0x0800419c   Section        0  usart_stm32f7xx.o(i.USART_Control)
    USART_Control                            0x0800419d   Thumb Code  2262  usart_stm32f7xx.o(i.USART_Control)
    i.USART_GetCapabilities                  0x08004a72   Section        0  usart_stm32f7xx.o(i.USART_GetCapabilities)
    USART_GetCapabilities                    0x08004a73   Thumb Code     6  usart_stm32f7xx.o(i.USART_GetCapabilities)
    i.USART_GetModemStatus                   0x08004a78   Section        0  usart_stm32f7xx.o(i.USART_GetModemStatus)
    USART_GetModemStatus                     0x08004a79   Thumb Code    90  usart_stm32f7xx.o(i.USART_GetModemStatus)
    i.USART_GetRxCount                       0x08004ad2   Section        0  usart_stm32f7xx.o(i.USART_GetRxCount)
    USART_GetRxCount                         0x08004ad3   Thumb Code     8  usart_stm32f7xx.o(i.USART_GetRxCount)
    i.USART_GetStatus                        0x08004ada   Section        0  usart_stm32f7xx.o(i.USART_GetStatus)
    USART_GetStatus                          0x08004adb   Thumb Code   118  usart_stm32f7xx.o(i.USART_GetStatus)
    i.USART_GetTxCount                       0x08004b50   Section        0  usart_stm32f7xx.o(i.USART_GetTxCount)
    USART_GetTxCount                         0x08004b51   Thumb Code     8  usart_stm32f7xx.o(i.USART_GetTxCount)
    i.USART_IRQHandler                       0x08004b58   Section        0  usart_stm32f7xx.o(i.USART_IRQHandler)
    i.USART_Initialize                       0x08004ddc   Section        0  usart_stm32f7xx.o(i.USART_Initialize)
    USART_Initialize                         0x08004ddd   Thumb Code   138  usart_stm32f7xx.o(i.USART_Initialize)
    i.USART_PeripheralReset                  0x08004e68   Section        0  usart_stm32f7xx.o(i.USART_PeripheralReset)
    USART_PeripheralReset                    0x08004e69   Thumb Code   374  usart_stm32f7xx.o(i.USART_PeripheralReset)
    i.USART_PowerControl                     0x08005004   Section        0  usart_stm32f7xx.o(i.USART_PowerControl)
    USART_PowerControl                       0x08005005   Thumb Code   782  usart_stm32f7xx.o(i.USART_PowerControl)
    i.USART_Receive                          0x0800533c   Section        0  usart_stm32f7xx.o(i.USART_Receive)
    USART_Receive                            0x0800533d   Thumb Code   162  usart_stm32f7xx.o(i.USART_Receive)
    i.USART_Send                             0x080053e4   Section        0  usart_stm32f7xx.o(i.USART_Send)
    USART_Send                               0x080053e5   Thumb Code   136  usart_stm32f7xx.o(i.USART_Send)
    i.USART_SetModemControl                  0x0800546c   Section        0  usart_stm32f7xx.o(i.USART_SetModemControl)
    USART_SetModemControl                    0x0800546d   Thumb Code   114  usart_stm32f7xx.o(i.USART_SetModemControl)
    i.USART_Transfer                         0x080054de   Section        0  usart_stm32f7xx.o(i.USART_Transfer)
    USART_Transfer                           0x080054df   Thumb Code   106  usart_stm32f7xx.o(i.USART_Transfer)
    i.USART_Uninitialize                     0x08005548   Section        0  usart_stm32f7xx.o(i.USART_Uninitialize)
    USART_Uninitialize                       0x08005549   Thumb Code   106  usart_stm32f7xx.o(i.USART_Uninitialize)
    i.USARTx_GetVersion                      0x080055b4   Section        0  usart_stm32f7xx.o(i.USARTx_GetVersion)
    USARTx_GetVersion                        0x080055b5   Thumb Code    10  usart_stm32f7xx.o(i.USARTx_GetVersion)
    i.__ARM_fpclassify                       0x080055c4   Section        0  fpclassify.o(i.__ARM_fpclassify)
    i.__hardfp_cos                           0x080055f8   Section        0  cos.o(i.__hardfp_cos)
    i.__hardfp_sin                           0x080056c0   Section        0  sin.o(i.__hardfp_sin)
    i.__ieee754_rem_pio2                     0x08005788   Section        0  rred.o(i.__ieee754_rem_pio2)
    i.__kernel_cos                           0x08005bc0   Section        0  cos_i.o(i.__kernel_cos)
    i.__kernel_poly                          0x08005d30   Section        0  poly.o(i.__kernel_poly)
    i.__kernel_sin                           0x08005e28   Section        0  sin_i.o(i.__kernel_sin)
    i.__mathlib_dbl_infnan                   0x08005f58   Section        0  dunder.o(i.__mathlib_dbl_infnan)
    i.__mathlib_dbl_invalid                  0x08005f70   Section        0  dunder.o(i.__mathlib_dbl_invalid)
    i.__mathlib_dbl_underflow                0x08005f90   Section        0  dunder.o(i.__mathlib_dbl_underflow)
    i._is_digit                              0x08005fb0   Section        0  __printf_wp.o(i._is_digit)
    i.add_command                            0x08005fc0   Section        0  cli.o(i.add_command)
    i.block                                  0x08005ff0   Section        0  cli.o(i.block)
    i.count                                  0x08006004   Section        0  cli.o(i.count)
    i.fabs                                   0x08006078   Section        0  fabs.o(i.fabs)
    i.get_command                            0x08006090   Section        0  cli.o(i.get_command)
    i.go_forward                             0x08006340   Section        0  cli.o(i.go_forward)
    i.main                                   0x08006384   Section        0  main.o(i.main)
    i.myUSART6_callback                      0x08006494   Section        0  cli.o(i.myUSART6_callback)
    i.myUSART7_callback                      0x080064d4   Section        0  cli.o(i.myUSART7_callback)
    i.parse_command                          0x080064e8   Section        0  cli.o(i.parse_command)
    i.print_num                              0x08006e74   Section        0  main.o(i.print_num)
    i.set_wheels                             0x08006e98   Section        0  cli.o(i.set_wheels)
    i.setup_device                           0x08006f08   Section        0  setup.o(i.setup_device)
    locale$$code                             0x08007150   Section       44  lc_numeric_c.o(locale$$code)
    locale$$code                             0x0800717c   Section       44  lc_ctype_c.o(locale$$code)
    x$fpl$basic                              0x080071a8   Section       24  basic.o(x$fpl$basic)
    $v0                                      0x080071a8   Number         0  basic.o(x$fpl$basic)
    x$fpl$d2f                                0x080071c0   Section       98  d2f.o(x$fpl$d2f)
    $v0                                      0x080071c0   Number         0  d2f.o(x$fpl$d2f)
    x$fpl$dadd                               0x08007224   Section      336  daddsub_clz.o(x$fpl$dadd)
    $v0                                      0x08007224   Number         0  daddsub_clz.o(x$fpl$dadd)
    _dadd1                                   0x08007235   Thumb Code     0  daddsub_clz.o(x$fpl$dadd)
    x$fpl$ddiv                               0x08007374   Section      688  ddiv.o(x$fpl$ddiv)
    $v0                                      0x08007374   Number         0  ddiv.o(x$fpl$ddiv)
    ddiv_entry                               0x0800737b   Thumb Code     0  ddiv.o(x$fpl$ddiv)
    x$fpl$dfix                               0x08007624   Section       94  dfix.o(x$fpl$dfix)
    $v0                                      0x08007624   Number         0  dfix.o(x$fpl$dfix)
    x$fpl$dflt                               0x08007682   Section       46  dflt_clz.o(x$fpl$dflt)
    $v0                                      0x08007682   Number         0  dflt_clz.o(x$fpl$dflt)
    x$fpl$dfltu                              0x080076b0   Section       38  dflt_clz.o(x$fpl$dfltu)
    $v0                                      0x080076b0   Number         0  dflt_clz.o(x$fpl$dfltu)
    x$fpl$dmul                               0x080076d8   Section      340  dmul.o(x$fpl$dmul)
    $v0                                      0x080076d8   Number         0  dmul.o(x$fpl$dmul)
    x$fpl$dnaninf                            0x0800782c   Section      156  dnaninf.o(x$fpl$dnaninf)
    $v0                                      0x0800782c   Number         0  dnaninf.o(x$fpl$dnaninf)
    x$fpl$dretinf                            0x080078c8   Section       12  dretinf.o(x$fpl$dretinf)
    $v0                                      0x080078c8   Number         0  dretinf.o(x$fpl$dretinf)
    x$fpl$drsb                               0x080078d4   Section       22  daddsub_clz.o(x$fpl$drsb)
    $v0                                      0x080078d4   Number         0  daddsub_clz.o(x$fpl$drsb)
    x$fpl$dsub                               0x080078ec   Section      468  daddsub_clz.o(x$fpl$dsub)
    $v0                                      0x080078ec   Number         0  daddsub_clz.o(x$fpl$dsub)
    _dsub1                                   0x080078fd   Thumb Code     0  daddsub_clz.o(x$fpl$dsub)
    x$fpl$f2d                                0x08007ac0   Section       86  f2d.o(x$fpl$f2d)
    $v0                                      0x08007ac0   Number         0  f2d.o(x$fpl$f2d)
    x$fpl$fnaninf                            0x08007b16   Section      140  fnaninf.o(x$fpl$fnaninf)
    $v0                                      0x08007b16   Number         0  fnaninf.o(x$fpl$fnaninf)
    x$fpl$fpinit                             0x08007ba2   Section       10  fpinit.o(x$fpl$fpinit)
    $v0                                      0x08007ba2   Number         0  fpinit.o(x$fpl$fpinit)
    x$fpl$fretinf                            0x08007bac   Section       10  fretinf.o(x$fpl$fretinf)
    $v0                                      0x08007bac   Number         0  fretinf.o(x$fpl$fretinf)
    x$fpl$printf1                            0x08007bb6   Section        4  printf1.o(x$fpl$printf1)
    $v0                                      0x08007bb6   Number         0  printf1.o(x$fpl$printf1)
    x$fpl$usenofp                            0x08007bba   Section        0  usenofp.o(x$fpl$usenofp)
    .constdata                               0x08007bbc   Section     6304  glcd_fonts.o(.constdata)
    Font_6x8_h                               0x08007bbc   Data         896  glcd_fonts.o(.constdata)
    Font_16x24_h                             0x08007f3c   Data        5376  glcd_fonts.o(.constdata)
    .constdata                               0x0800945c   Section      260  usart_stm32f7xx.o(.constdata)
    usart_driver_version                     0x0800945c   Data           4  usart_stm32f7xx.o(.constdata)
    USART6_tx                                0x08009460   Data           8  usart_stm32f7xx.o(.constdata)
    USART6_rx                                0x08009468   Data           8  usart_stm32f7xx.o(.constdata)
    USART6_Resources                         0x08009470   Data          56  usart_stm32f7xx.o(.constdata)
    UART7_tx                                 0x080094a8   Data           8  usart_stm32f7xx.o(.constdata)
    UART7_rx                                 0x080094b0   Data           8  usart_stm32f7xx.o(.constdata)
    USART7_Resources                         0x080094b8   Data          56  usart_stm32f7xx.o(.constdata)
    .constdata                               0x08009560   Section        8  stm32f7xx_hal_dma.o(.constdata)
    flagBitshiftOffset                       0x08009560   Data           8  stm32f7xx_hal_dma.o(.constdata)
    .constdata                               0x08009568   Section       24  system_stm32f7xx.o(.constdata)
    .constdata                               0x08009580   Section       40  _printf_hex_int.o(.constdata)
    uc_hextab                                0x08009580   Data          20  _printf_hex_int.o(.constdata)
    lc_hextab                                0x08009594   Data          20  _printf_hex_int.o(.constdata)
    .constdata                               0x080095a8   Section       48  cos_i.o(.constdata)
    C                                        0x080095a8   Data          48  cos_i.o(.constdata)
    .constdata                               0x080095d8   Section      200  rred.o(.constdata)
    pio2s                                    0x080095d8   Data          48  rred.o(.constdata)
    twooverpi                                0x08009608   Data         152  rred.o(.constdata)
    .constdata                               0x080096a0   Section       40  sin_i.o(.constdata)
    S                                        0x080096a0   Data          40  sin_i.o(.constdata)
    .constdata                               0x080096c8   Section      148  bigflt0.o(.constdata)
    tenpwrs_x                                0x080096c8   Data          60  bigflt0.o(.constdata)
    tenpwrs_i                                0x08009704   Data          64  bigflt0.o(.constdata)
    locale$$data                             0x0800977c   Section       28  lc_numeric_c.o(locale$$data)
    __lcnum_c_name                           0x08009780   Data           2  lc_numeric_c.o(locale$$data)
    __lcnum_c_start                          0x08009788   Data           0  lc_numeric_c.o(locale$$data)
    __lcnum_c_point                          0x08009794   Data           0  lc_numeric_c.o(locale$$data)
    __lcnum_c_thousands                      0x08009796   Data           0  lc_numeric_c.o(locale$$data)
    __lcnum_c_grouping                       0x08009797   Data           0  lc_numeric_c.o(locale$$data)
    locale$$data                             0x08009798   Section      272  lc_ctype_c.o(locale$$data)
    __lcnum_c_end                            0x08009798   Data           0  lc_numeric_c.o(locale$$data)
    __lcctype_c_name                         0x0800979c   Data           2  lc_ctype_c.o(locale$$data)
    __lcctype_c_start                        0x080097a4   Data           0  lc_ctype_c.o(locale$$data)
    __lcctype_c_end                          0x080098a8   Data           0  lc_ctype_c.o(locale$$data)
    .data                                    0x20010000   Section       16  cli.o(.data)
    .data                                    0x20010010   Section       32  main.o(.data)
    .data                                    0x20010030   Section        2  stm32746g_discovery_sdram.o(.data)
    sdramstatus                              0x20010030   Data           1  stm32746g_discovery_sdram.o(.data)
    sdramstatus                              0x20010031   Data           1  stm32746g_discovery_sdram.o(.data)
    .data                                    0x20010034   Section        8  glcd_746g_discovery.o(.data)
    foreground_color                         0x20010034   Data           2  glcd_746g_discovery.o(.data)
    background_color                         0x20010036   Data           2  glcd_746g_discovery.o(.data)
    active_font                              0x20010038   Data           4  glcd_746g_discovery.o(.data)
    .data                                    0x2001003c   Section        4  stm32f7xx_hal.o(.data)
    .data                                    0x20010040   Section        4  system_stm32f7xx.o(.data)
    .bss                                     0x20010044   Section      288  stm32746g_discovery_sdram.o(.bss)
    Timing                                   0x20010078   Data          28  stm32746g_discovery_sdram.o(.bss)
    Command                                  0x20010094   Data          16  stm32746g_discovery_sdram.o(.bss)
    dma_handle                               0x200100a4   Data          96  stm32746g_discovery_sdram.o(.bss)
    dma_handle                               0x20010104   Data          96  stm32746g_discovery_sdram.o(.bss)
    .bss                                     0x20010164   Section      168  glcd_746g_discovery.o(.bss)
    LTDC_Handle                              0x20010164   Data         168  glcd_746g_discovery.o(.bss)
    .bss                                     0x2001020c   Section      112  usart_stm32f7xx.o(.bss)
    USART6_Info                              0x2001020c   Data          20  usart_stm32f7xx.o(.bss)
    USART6_TransferInfo                      0x20010220   Data          36  usart_stm32f7xx.o(.bss)
    UART7_Info                               0x20010244   Data          20  usart_stm32f7xx.o(.bss)
    UART7_TransferInfo                       0x20010258   Data          36  usart_stm32f7xx.o(.bss)
    .bss                                     0x2001027c   Section       96  libspace.o(.bss)
    HEAP                                     0x200102e0   Section     4096  startup_stm32f746xx.o(HEAP)
    Heap_Mem                                 0x200102e0   Data        4096  startup_stm32f746xx.o(HEAP)
    STACK                                    0x200112e0   Section    32768  startup_stm32f746xx.o(STACK)
    Stack_Mem                                0x200112e0   Data       32768  startup_stm32f746xx.o(STACK)
    __initial_sp                             0x200192e0   Data           0  startup_stm32f746xx.o(STACK)
    .ARM.__AT_0xC0000000                     0xc0000000   Section    261120  glcd_746g_discovery.o(.ARM.__AT_0xC0000000)
    frame_buf                                0xc0000000   Data       261120  glcd_746g_discovery.o(.ARM.__AT_0xC0000000)

    Global Symbols

    Symbol Name                              Value     Ov Type        Size  Object(Section)

    BuildAttributes$$THM_ISAv4$E$P$D$K$B$S$7EM$VFPi5$EXTD16$VFPS$VFMA$PE$PLD8$A:L22UL41UL21$X:L11$S22US41US21$IEEE1$IW$USESV6$~STKCKD$USESV7$~SHL$OTIME$ROPI$IEEEX$EBA8$UX$STANDARDLIB$REQ8$PRES8$EABIv2 0x00000000   Number         0  anon$$obj.o ABSOLUTE
    __ARM_use_no_argv                        0x00000000   Number         0  main.o ABSOLUTE
    _printf_flags                            0x00000000   Number         0  printf_stubs.o ABSOLUTE
    _printf_return_value                     0x00000000   Number         0  printf_stubs.o ABSOLUTE
    _printf_sizespec                         0x00000000   Number         0  printf_stubs.o ABSOLUTE
    _printf_widthprec                        0x00000000   Number         0  printf_stubs.o ABSOLUTE
    __ARM_exceptions_init                     - Undefined Weak Reference
    __alloca_initialize                       - Undefined Weak Reference
    __arm_preinit_                            - Undefined Weak Reference
    __cpp_initialize__aeabi_                  - Undefined Weak Reference
    __cxa_finalize                            - Undefined Weak Reference
    __sigvec_lookup                           - Undefined Weak Reference
    _atexit_init                              - Undefined Weak Reference
    _call_atexit_fns                          - Undefined Weak Reference
    _clock_init                               - Undefined Weak Reference
    _fp_trap_init                             - Undefined Weak Reference
    _fp_trap_shutdown                         - Undefined Weak Reference
    _get_lc_collate                           - Undefined Weak Reference
    _get_lc_monetary                          - Undefined Weak Reference
    _get_lc_time                              - Undefined Weak Reference
    _getenv_init                              - Undefined Weak Reference
    _handle_redirection                       - Undefined Weak Reference
    _init_alloc                               - Undefined Weak Reference
    _init_user_alloc                          - Undefined Weak Reference
    _initio                                   - Undefined Weak Reference
    _printf_truncate_signed                   - Undefined Weak Reference
    _printf_truncate_unsigned                 - Undefined Weak Reference
    _rand_init                                - Undefined Weak Reference
    _signal_finish                            - Undefined Weak Reference
    _signal_init                              - Undefined Weak Reference
    _terminate_alloc                          - Undefined Weak Reference
    _terminate_user_alloc                     - Undefined Weak Reference
    _terminateio                              - Undefined Weak Reference
    __Vectors_Size                           0x000001c8   Number         0  startup_stm32f746xx.o ABSOLUTE
    __Vectors                                0x08000000   Data           4  startup_stm32f746xx.o(RESET)
    __Vectors_End                            0x080001c8   Data           0  startup_stm32f746xx.o(RESET)
    __main                                   0x080001c9   Thumb Code     8  __main.o(!!!main)
    __scatterload                            0x080001d1   Thumb Code     0  __scatter.o(!!!scatter)
    __scatterload_rt2                        0x080001d1   Thumb Code    44  __scatter.o(!!!scatter)
    __scatterload_rt2_thumb_only             0x080001d1   Thumb Code     0  __scatter.o(!!!scatter)
    __scatterload_null                       0x080001df   Thumb Code     0  __scatter.o(!!!scatter)
    __scatterload_copy                       0x08000205   Thumb Code    26  __scatter_copy.o(!!handler_copy)
    __scatterload_zeroinit                   0x08000221   Thumb Code    28  __scatter_zi.o(!!handler_zi)
    _printf_f                                0x0800023d   Thumb Code     0  _printf_f.o(.ARM.Collect$$_printf_percent$$00000003)
    _printf_percent                          0x0800023d   Thumb Code     0  _printf_percent.o(.ARM.Collect$$_printf_percent$$00000000)
    _printf_d                                0x08000243   Thumb Code     0  _printf_d.o(.ARM.Collect$$_printf_percent$$00000009)
    _printf_x                                0x08000249   Thumb Code     0  _printf_x.o(.ARM.Collect$$_printf_percent$$0000000C)
    _printf_percent_end                      0x0800024f   Thumb Code     0  _printf_percent_end.o(.ARM.Collect$$_printf_percent$$00000017)
    __rt_lib_init                            0x08000253   Thumb Code     0  libinit.o(.ARM.Collect$$libinit$$00000000)
    __rt_lib_init_fp_1                       0x08000255   Thumb Code     0  libinit2.o(.ARM.Collect$$libinit$$00000001)
    __rt_lib_init_heap_1                     0x08000259   Thumb Code     0  libinit2.o(.ARM.Collect$$libinit$$0000000A)
    __rt_lib_init_lc_common                  0x08000259   Thumb Code     0  libinit2.o(.ARM.Collect$$libinit$$0000000F)
    __rt_lib_init_preinit_1                  0x08000259   Thumb Code     0  libinit2.o(.ARM.Collect$$libinit$$00000004)
    __rt_lib_init_rand_1                     0x08000259   Thumb Code     0  libinit2.o(.ARM.Collect$$libinit$$0000000E)
    __rt_lib_init_user_alloc_1               0x08000259   Thumb Code     0  libinit2.o(.ARM.Collect$$libinit$$0000000C)
    __rt_lib_init_lc_collate_1               0x0800025f   Thumb Code     0  libinit2.o(.ARM.Collect$$libinit$$00000011)
    __rt_lib_init_lc_ctype_2                 0x0800025f   Thumb Code     0  libinit2.o(.ARM.Collect$$libinit$$00000012)
    __rt_lib_init_lc_ctype_1                 0x0800026b   Thumb Code     0  libinit2.o(.ARM.Collect$$libinit$$00000013)
    __rt_lib_init_lc_monetary_1              0x0800026b   Thumb Code     0  libinit2.o(.ARM.Collect$$libinit$$00000015)
    __rt_lib_init_lc_numeric_2               0x0800026b   Thumb Code     0  libinit2.o(.ARM.Collect$$libinit$$00000016)
    __rt_lib_init_alloca_1                   0x08000275   Thumb Code     0  libinit2.o(.ARM.Collect$$libinit$$0000002E)
    __rt_lib_init_argv_1                     0x08000275   Thumb Code     0  libinit2.o(.ARM.Collect$$libinit$$0000002C)
    __rt_lib_init_atexit_1                   0x08000275   Thumb Code     0  libinit2.o(.ARM.Collect$$libinit$$0000001B)
    __rt_lib_init_clock_1                    0x08000275   Thumb Code     0  libinit2.o(.ARM.Collect$$libinit$$00000021)
    __rt_lib_init_cpp_1                      0x08000275   Thumb Code     0  libinit2.o(.ARM.Collect$$libinit$$00000032)
    __rt_lib_init_exceptions_1               0x08000275   Thumb Code     0  libinit2.o(.ARM.Collect$$libinit$$00000030)
    __rt_lib_init_fp_trap_1                  0x08000275   Thumb Code     0  libinit2.o(.ARM.Collect$$libinit$$0000001F)
    __rt_lib_init_getenv_1                   0x08000275   Thumb Code     0  libinit2.o(.ARM.Collect$$libinit$$00000023)
    __rt_lib_init_lc_numeric_1               0x08000275   Thumb Code     0  libinit2.o(.ARM.Collect$$libinit$$00000017)
    __rt_lib_init_lc_time_1                  0x08000275   Thumb Code     0  libinit2.o(.ARM.Collect$$libinit$$00000019)
    __rt_lib_init_return                     0x08000275   Thumb Code     0  libinit2.o(.ARM.Collect$$libinit$$00000033)
    __rt_lib_init_signal_1                   0x08000275   Thumb Code     0  libinit2.o(.ARM.Collect$$libinit$$0000001D)
    __rt_lib_init_stdio_1                    0x08000275   Thumb Code     0  libinit2.o(.ARM.Collect$$libinit$$00000025)
    __rt_lib_shutdown                        0x08000277   Thumb Code     0  libshutdown.o(.ARM.Collect$$libshutdown$$00000000)
    __rt_lib_shutdown_cpp_1                  0x08000279   Thumb Code     0  libshutdown2.o(.ARM.Collect$$libshutdown$$00000002)
    __rt_lib_shutdown_fp_trap_1              0x08000279   Thumb Code     0  libshutdown2.o(.ARM.Collect$$libshutdown$$00000007)
    __rt_lib_shutdown_heap_1                 0x08000279   Thumb Code     0  libshutdown2.o(.ARM.Collect$$libshutdown$$0000000F)
    __rt_lib_shutdown_return                 0x08000279   Thumb Code     0  libshutdown2.o(.ARM.Collect$$libshutdown$$00000010)
    __rt_lib_shutdown_signal_1               0x08000279   Thumb Code     0  libshutdown2.o(.ARM.Collect$$libshutdown$$0000000A)
    __rt_lib_shutdown_stdio_1                0x08000279   Thumb Code     0  libshutdown2.o(.ARM.Collect$$libshutdown$$00000004)
    __rt_lib_shutdown_user_alloc_1           0x08000279   Thumb Code     0  libshutdown2.o(.ARM.Collect$$libshutdown$$0000000C)
    __rt_entry                               0x0800027b   Thumb Code     0  __rtentry.o(.ARM.Collect$$rtentry$$00000000)
    __rt_entry_presh_1                       0x0800027b   Thumb Code     0  __rtentry2.o(.ARM.Collect$$rtentry$$00000002)
    __rt_entry_sh                            0x0800027b   Thumb Code     0  __rtentry4.o(.ARM.Collect$$rtentry$$00000004)
    __rt_entry_li                            0x08000281   Thumb Code     0  __rtentry2.o(.ARM.Collect$$rtentry$$0000000A)
    __rt_entry_postsh_1                      0x08000281   Thumb Code     0  __rtentry2.o(.ARM.Collect$$rtentry$$00000009)
    __rt_entry_main                          0x08000285   Thumb Code     0  __rtentry2.o(.ARM.Collect$$rtentry$$0000000D)
    __rt_entry_postli_1                      0x08000285   Thumb Code     0  __rtentry2.o(.ARM.Collect$$rtentry$$0000000C)
    __rt_exit                                0x0800028d   Thumb Code     0  rtexit.o(.ARM.Collect$$rtexit$$00000000)
    __rt_exit_ls                             0x0800028f   Thumb Code     0  rtexit2.o(.ARM.Collect$$rtexit$$00000003)
    __rt_exit_prels_1                        0x0800028f   Thumb Code     0  rtexit2.o(.ARM.Collect$$rtexit$$00000002)
    __rt_exit_exit                           0x08000293   Thumb Code     0  rtexit2.o(.ARM.Collect$$rtexit$$00000004)
    Reset_Handler                            0x08000299   Thumb Code     8  startup_stm32f746xx.o(.text)
    NMI_Handler                              0x080002a1   Thumb Code     2  startup_stm32f746xx.o(.text)
    HardFault_Handler                        0x080002a3   Thumb Code     2  startup_stm32f746xx.o(.text)
    MemManage_Handler                        0x080002a5   Thumb Code     2  startup_stm32f746xx.o(.text)
    BusFault_Handler                         0x080002a7   Thumb Code     2  startup_stm32f746xx.o(.text)
    UsageFault_Handler                       0x080002a9   Thumb Code     2  startup_stm32f746xx.o(.text)
    SVC_Handler                              0x080002ab   Thumb Code     2  startup_stm32f746xx.o(.text)
    DebugMon_Handler                         0x080002ad   Thumb Code     2  startup_stm32f746xx.o(.text)
    PendSV_Handler                           0x080002af   Thumb Code     2  startup_stm32f746xx.o(.text)
    ADC_IRQHandler                           0x080002b3   Thumb Code     0  startup_stm32f746xx.o(.text)
    CAN1_RX0_IRQHandler                      0x080002b3   Thumb Code     0  startup_stm32f746xx.o(.text)
    CAN1_RX1_IRQHandler                      0x080002b3   Thumb Code     0  startup_stm32f746xx.o(.text)
    CAN1_SCE_IRQHandler                      0x080002b3   Thumb Code     0  startup_stm32f746xx.o(.text)
    CAN1_TX_IRQHandler                       0x080002b3   Thumb Code     0  startup_stm32f746xx.o(.text)
    CAN2_RX0_IRQHandler                      0x080002b3   Thumb Code     0  startup_stm32f746xx.o(.text)
    CAN2_RX1_IRQHandler                      0x080002b3   Thumb Code     0  startup_stm32f746xx.o(.text)
    CAN2_SCE_IRQHandler                      0x080002b3   Thumb Code     0  startup_stm32f746xx.o(.text)
    CAN2_TX_IRQHandler                       0x080002b3   Thumb Code     0  startup_stm32f746xx.o(.text)
    CEC_IRQHandler                           0x080002b3   Thumb Code     0  startup_stm32f746xx.o(.text)
    DCMI_IRQHandler                          0x080002b3   Thumb Code     0  startup_stm32f746xx.o(.text)
    DMA1_Stream0_IRQHandler                  0x080002b3   Thumb Code     0  startup_stm32f746xx.o(.text)
    DMA1_Stream1_IRQHandler                  0x080002b3   Thumb Code     0  startup_stm32f746xx.o(.text)
    DMA1_Stream2_IRQHandler                  0x080002b3   Thumb Code     0  startup_stm32f746xx.o(.text)
    DMA1_Stream3_IRQHandler                  0x080002b3   Thumb Code     0  startup_stm32f746xx.o(.text)
    DMA1_Stream4_IRQHandler                  0x080002b3   Thumb Code     0  startup_stm32f746xx.o(.text)
    DMA1_Stream5_IRQHandler                  0x080002b3   Thumb Code     0  startup_stm32f746xx.o(.text)
    DMA1_Stream6_IRQHandler                  0x080002b3   Thumb Code     0  startup_stm32f746xx.o(.text)
    DMA1_Stream7_IRQHandler                  0x080002b3   Thumb Code     0  startup_stm32f746xx.o(.text)
    DMA2D_IRQHandler                         0x080002b3   Thumb Code     0  startup_stm32f746xx.o(.text)
    DMA2_Stream0_IRQHandler                  0x080002b3   Thumb Code     0  startup_stm32f746xx.o(.text)
    DMA2_Stream1_IRQHandler                  0x080002b3   Thumb Code     0  startup_stm32f746xx.o(.text)
    DMA2_Stream2_IRQHandler                  0x080002b3   Thumb Code     0  startup_stm32f746xx.o(.text)
    DMA2_Stream3_IRQHandler                  0x080002b3   Thumb Code     0  startup_stm32f746xx.o(.text)
    DMA2_Stream4_IRQHandler                  0x080002b3   Thumb Code     0  startup_stm32f746xx.o(.text)
    DMA2_Stream5_IRQHandler                  0x080002b3   Thumb Code     0  startup_stm32f746xx.o(.text)
    DMA2_Stream6_IRQHandler                  0x080002b3   Thumb Code     0  startup_stm32f746xx.o(.text)
    DMA2_Stream7_IRQHandler                  0x080002b3   Thumb Code     0  startup_stm32f746xx.o(.text)
    ETH_IRQHandler                           0x080002b3   Thumb Code     0  startup_stm32f746xx.o(.text)
    ETH_WKUP_IRQHandler                      0x080002b3   Thumb Code     0  startup_stm32f746xx.o(.text)
    EXTI0_IRQHandler                         0x080002b3   Thumb Code     0  startup_stm32f746xx.o(.text)
    EXTI1_IRQHandler                         0x080002b3   Thumb Code     0  startup_stm32f746xx.o(.text)
    EXTI2_IRQHandler                         0x080002b3   Thumb Code     0  startup_stm32f746xx.o(.text)
    EXTI3_IRQHandler                         0x080002b3   Thumb Code     0  startup_stm32f746xx.o(.text)
    EXTI4_IRQHandler                         0x080002b3   Thumb Code     0  startup_stm32f746xx.o(.text)
    EXTI9_5_IRQHandler                       0x080002b3   Thumb Code     0  startup_stm32f746xx.o(.text)
    FLASH_IRQHandler                         0x080002b3   Thumb Code     0  startup_stm32f746xx.o(.text)
    FMC_IRQHandler                           0x080002b3   Thumb Code     0  startup_stm32f746xx.o(.text)
    FPU_IRQHandler                           0x080002b3   Thumb Code     0  startup_stm32f746xx.o(.text)
    I2C1_ER_IRQHandler                       0x080002b3   Thumb Code     0  startup_stm32f746xx.o(.text)
    I2C1_EV_IRQHandler                       0x080002b3   Thumb Code     0  startup_stm32f746xx.o(.text)
    I2C2_ER_IRQHandler                       0x080002b3   Thumb Code     0  startup_stm32f746xx.o(.text)
    I2C2_EV_IRQHandler                       0x080002b3   Thumb Code     0  startup_stm32f746xx.o(.text)
    I2C3_ER_IRQHandler                       0x080002b3   Thumb Code     0  startup_stm32f746xx.o(.text)
    I2C3_EV_IRQHandler                       0x080002b3   Thumb Code     0  startup_stm32f746xx.o(.text)
    I2C4_ER_IRQHandler                       0x080002b3   Thumb Code     0  startup_stm32f746xx.o(.text)
    I2C4_EV_IRQHandler                       0x080002b3   Thumb Code     0  startup_stm32f746xx.o(.text)
    LPTIM1_IRQHandler                        0x080002b3   Thumb Code     0  startup_stm32f746xx.o(.text)
    LTDC_ER_IRQHandler                       0x080002b3   Thumb Code     0  startup_stm32f746xx.o(.text)
    LTDC_IRQHandler                          0x080002b3   Thumb Code     0  startup_stm32f746xx.o(.text)
    OTG_FS_IRQHandler                        0x080002b3   Thumb Code     0  startup_stm32f746xx.o(.text)
    OTG_FS_WKUP_IRQHandler                   0x080002b3   Thumb Code     0  startup_stm32f746xx.o(.text)
    OTG_HS_EP1_IN_IRQHandler                 0x080002b3   Thumb Code     0  startup_stm32f746xx.o(.text)
    OTG_HS_EP1_OUT_IRQHandler                0x080002b3   Thumb Code     0  startup_stm32f746xx.o(.text)
    OTG_HS_IRQHandler                        0x080002b3   Thumb Code     0  startup_stm32f746xx.o(.text)
    OTG_HS_WKUP_IRQHandler                   0x080002b3   Thumb Code     0  startup_stm32f746xx.o(.text)
    PVD_IRQHandler                           0x080002b3   Thumb Code     0  startup_stm32f746xx.o(.text)
    QUADSPI_IRQHandler                       0x080002b3   Thumb Code     0  startup_stm32f746xx.o(.text)
    RCC_IRQHandler                           0x080002b3   Thumb Code     0  startup_stm32f746xx.o(.text)
    RNG_IRQHandler                           0x080002b3   Thumb Code     0  startup_stm32f746xx.o(.text)
    RTC_Alarm_IRQHandler                     0x080002b3   Thumb Code     0  startup_stm32f746xx.o(.text)
    RTC_WKUP_IRQHandler                      0x080002b3   Thumb Code     0  startup_stm32f746xx.o(.text)
    SAI1_IRQHandler                          0x080002b3   Thumb Code     0  startup_stm32f746xx.o(.text)
    SAI2_IRQHandler                          0x080002b3   Thumb Code     0  startup_stm32f746xx.o(.text)
    SDMMC1_IRQHandler                        0x080002b3   Thumb Code     0  startup_stm32f746xx.o(.text)
    SPDIF_RX_IRQHandler                      0x080002b3   Thumb Code     0  startup_stm32f746xx.o(.text)
    SPI1_IRQHandler                          0x080002b3   Thumb Code     0  startup_stm32f746xx.o(.text)
    SPI2_IRQHandler                          0x080002b3   Thumb Code     0  startup_stm32f746xx.o(.text)
    SPI3_IRQHandler                          0x080002b3   Thumb Code     0  startup_stm32f746xx.o(.text)
    SPI4_IRQHandler                          0x080002b3   Thumb Code     0  startup_stm32f746xx.o(.text)
    SPI5_IRQHandler                          0x080002b3   Thumb Code     0  startup_stm32f746xx.o(.text)
    SPI6_IRQHandler                          0x080002b3   Thumb Code     0  startup_stm32f746xx.o(.text)
    TAMP_STAMP_IRQHandler                    0x080002b3   Thumb Code     0  startup_stm32f746xx.o(.text)
    TIM1_BRK_TIM9_IRQHandler                 0x080002b3   Thumb Code     0  startup_stm32f746xx.o(.text)
    TIM1_CC_IRQHandler                       0x080002b3   Thumb Code     0  startup_stm32f746xx.o(.text)
    TIM1_TRG_COM_TIM11_IRQHandler            0x080002b3   Thumb Code     0  startup_stm32f746xx.o(.text)
    TIM1_UP_TIM10_IRQHandler                 0x080002b3   Thumb Code     0  startup_stm32f746xx.o(.text)
    TIM2_IRQHandler                          0x080002b3   Thumb Code     0  startup_stm32f746xx.o(.text)
    TIM3_IRQHandler                          0x080002b3   Thumb Code     0  startup_stm32f746xx.o(.text)
    TIM4_IRQHandler                          0x080002b3   Thumb Code     0  startup_stm32f746xx.o(.text)
    TIM5_IRQHandler                          0x080002b3   Thumb Code     0  startup_stm32f746xx.o(.text)
    TIM6_DAC_IRQHandler                      0x080002b3   Thumb Code     0  startup_stm32f746xx.o(.text)
    TIM7_IRQHandler                          0x080002b3   Thumb Code     0  startup_stm32f746xx.o(.text)
    TIM8_BRK_TIM12_IRQHandler                0x080002b3   Thumb Code     0  startup_stm32f746xx.o(.text)
    TIM8_CC_IRQHandler                       0x080002b3   Thumb Code     0  startup_stm32f746xx.o(.text)
    TIM8_TRG_COM_TIM14_IRQHandler            0x080002b3   Thumb Code     0  startup_stm32f746xx.o(.text)
    TIM8_UP_TIM13_IRQHandler                 0x080002b3   Thumb Code     0  startup_stm32f746xx.o(.text)
    UART4_IRQHandler                         0x080002b3   Thumb Code     0  startup_stm32f746xx.o(.text)
    UART5_IRQHandler                         0x080002b3   Thumb Code     0  startup_stm32f746xx.o(.text)
    UART8_IRQHandler                         0x080002b3   Thumb Code     0  startup_stm32f746xx.o(.text)
    USART1_IRQHandler                        0x080002b3   Thumb Code     0  startup_stm32f746xx.o(.text)
    USART2_IRQHandler                        0x080002b3   Thumb Code     0  startup_stm32f746xx.o(.text)
    USART3_IRQHandler                        0x080002b3   Thumb Code     0  startup_stm32f746xx.o(.text)
    WWDG_IRQHandler                          0x080002b3   Thumb Code     0  startup_stm32f746xx.o(.text)
    __user_initial_stackheap                 0x080002b5   Thumb Code     0  startup_stm32f746xx.o(.text)
    __2sprintf                               0x080002d9   Thumb Code    38  __2sprintf.o(.text)
    _printf_pre_padding                      0x08000305   Thumb Code    44  _printf_pad.o(.text)
    _printf_post_padding                     0x08000331   Thumb Code    34  _printf_pad.o(.text)
    _printf_int_dec                          0x08000355   Thumb Code   104  _printf_dec.o(.text)
    _printf_int_hex                          0x080003cd   Thumb Code    84  _printf_hex_int.o(.text)
    _printf_longlong_hex                     0x080003cd   Thumb Code     0  _printf_hex_int.o(.text)
    __printf                                 0x08000425   Thumb Code   270  __printf_wp.o(.text)
    atoi                                     0x08000533   Thumb Code    26  atoi.o(.text)
    strncat                                  0x0800054d   Thumb Code    36  strncat.o(.text)
    strcpy                                   0x08000571   Thumb Code    72  strcpy.o(.text)
    strlen                                   0x080005b9   Thumb Code    62  strlen.o(.text)
    __aeabi_memcpy4                          0x080005f7   Thumb Code     0  rt_memcpy_w.o(.text)
    __aeabi_memcpy8                          0x080005f7   Thumb Code     0  rt_memcpy_w.o(.text)
    __rt_memcpy_w                            0x080005f7   Thumb Code   100  rt_memcpy_w.o(.text)
    _memcpy_lastbytes_aligned                0x0800063f   Thumb Code     0  rt_memcpy_w.o(.text)
    __aeabi_memclr4                          0x0800065b   Thumb Code     0  rt_memclr_w.o(.text)
    __aeabi_memclr8                          0x0800065b   Thumb Code     0  rt_memclr_w.o(.text)
    __rt_memclr_w                            0x0800065b   Thumb Code    78  rt_memclr_w.o(.text)
    _memset_w                                0x0800065f   Thumb Code     0  rt_memclr_w.o(.text)
    strcmp                                   0x080006a9   Thumb Code   104  strcmpv7m_pel.o(.text)
    __use_two_region_memory                  0x08000711   Thumb Code     2  heapauxi.o(.text)
    __rt_heap_escrow$2region                 0x08000713   Thumb Code     2  heapauxi.o(.text)
    __rt_heap_expand$2region                 0x08000715   Thumb Code     2  heapauxi.o(.text)
    __aeabi_errno_addr                       0x08000719   Thumb Code     8  rt_errno_addr_intlibspace.o(.text)
    __errno$intlibspace                      0x08000719   Thumb Code     0  rt_errno_addr_intlibspace.o(.text)
    __rt_errno_addr$intlibspace              0x08000719   Thumb Code     0  rt_errno_addr_intlibspace.o(.text)
    __read_errno                             0x08000721   Thumb Code    10  _rserrno.o(.text)
    __set_errno                              0x0800072b   Thumb Code    12  _rserrno.o(.text)
    _printf_int_common                       0x08000737   Thumb Code   178  _printf_intcommon.o(.text)
    __lib_sel_fp_printf                      0x080007e9   Thumb Code     2  _printf_fp_dec.o(.text)
    _printf_fp_dec_real                      0x08000997   Thumb Code   620  _printf_fp_dec.o(.text)
    _printf_char_common                      0x08000c0f   Thumb Code    32  _printf_char_common.o(.text)
    _sputc                                   0x08000c35   Thumb Code    10  _sputc.o(.text)
    strtol                                   0x08000c3f   Thumb Code   112  strtol.o(.text)
    __user_libspace                          0x08000cb1   Thumb Code     8  libspace.o(.text)
    __user_perproc_libspace                  0x08000cb1   Thumb Code     0  libspace.o(.text)
    __user_perthread_libspace                0x08000cb1   Thumb Code     0  libspace.o(.text)
    __rt_ctype_table                         0x08000cb9   Thumb Code    16  rt_ctype_table.o(.text)
    __rt_locale                              0x08000cc9   Thumb Code     8  rt_locale_intlibspace.o(.text)
    _ll_udiv10                               0x08000cd1   Thumb Code   138  lludiv10.o(.text)
    _printf_fp_infnan                        0x08000d5d   Thumb Code   112  _printf_fp_infnan.o(.text)
    _strtoul                                 0x08000ddd   Thumb Code   158  _strtoul.o(.text)
    _btod_etento                             0x08000e7d   Thumb Code   216  bigflt0.o(.text)
    __user_setup_stackheap                   0x08000f59   Thumb Code    74  sys_stackheap_outer.o(.text)
    _chval                                   0x08000fa3   Thumb Code    28  _chval.o(.text)
    exit                                     0x08000fbf   Thumb Code    18  exit.o(.text)
    _sys_exit                                0x08000fd1   Thumb Code     8  sys_exit.o(.text)
    __I$use$semihosting                      0x08000fdd   Thumb Code     0  use_no_semi.o(.text)
    __use_no_semihosting_swi                 0x08000fdd   Thumb Code     2  use_no_semi.o(.text)
    __semihosting_library_function           0x08000fdf   Thumb Code     0  indicate_semi.o(.text)
    _btod_d2e                                0x08000fdf   Thumb Code    62  btod.o(CL$$btod_d2e)
    _d2e_denorm_low                          0x0800101d   Thumb Code    70  btod.o(CL$$btod_d2e_denorm_low)
    _d2e_norm_op1                            0x08001063   Thumb Code    96  btod.o(CL$$btod_d2e_norm_op1)
    __btod_div_common                        0x080010c3   Thumb Code   696  btod.o(CL$$btod_div_common)
    _e2e                                     0x080013fb   Thumb Code   198  btod.o(CL$$btod_e2e)
    _btod_ediv                               0x080014c1   Thumb Code    40  btod.o(CL$$btod_ediv)
    _btod_emul                               0x080014e9   Thumb Code    40  btod.o(CL$$btod_emul)
    __btod_mult_common                       0x08001511   Thumb Code   580  btod.o(CL$$btod_mult_common)
    BSP_SDRAM_Init                           0x08001755   Thumb Code   122  stm32746g_discovery_sdram.o(i.BSP_SDRAM_Init)
    BSP_SDRAM_Initialization_sequence        0x080017e1   Thumb Code   142  stm32746g_discovery_sdram.o(i.BSP_SDRAM_Initialization_sequence)
    BSP_SDRAM_MspInit                        0x08001879   Thumb Code   418  stm32746g_discovery_sdram.o(i.BSP_SDRAM_MspInit)
    EXTI15_10_IRQHandler                     0x08001b31   Thumb Code   110  main.o(i.EXTI15_10_IRQHandler)
    FMC_SDRAM_Init                           0x08001d25   Thumb Code   116  stm32f7xx_ll_fmc.o(i.FMC_SDRAM_Init)
    FMC_SDRAM_ProgramRefreshRate             0x08001d99   Thumb Code    14  stm32f7xx_ll_fmc.o(i.FMC_SDRAM_ProgramRefreshRate)
    FMC_SDRAM_SendCommand                    0x08001da7   Thumb Code    82  stm32f7xx_ll_fmc.o(i.FMC_SDRAM_SendCommand)
    FMC_SDRAM_Timing_Init                    0x08001df9   Thumb Code   152  stm32f7xx_ll_fmc.o(i.FMC_SDRAM_Timing_Init)
    GLCD_ClearScreen                         0x08001e95   Thumb Code    26  glcd_746g_discovery.o(i.GLCD_ClearScreen)
    GLCD_DrawChar                            0x08001eb9   Thumb Code   198  glcd_746g_discovery.o(i.GLCD_DrawChar)
    GLCD_DrawString                          0x08001f91   Thumb Code    38  glcd_746g_discovery.o(i.GLCD_DrawString)
    GLCD_Initialize                          0x08001fbd   Thumb Code   502  glcd_746g_discovery.o(i.GLCD_Initialize)
    GLCD_SetFont                             0x080021d5   Thumb Code    10  glcd_746g_discovery.o(i.GLCD_SetFont)
    GLCD_SetForegroundColor                  0x080021e5   Thumb Code    10  glcd_746g_discovery.o(i.GLCD_SetForegroundColor)
    HAL_DMA_Abort                            0x080021f5   Thumb Code   170  stm32f7xx_hal_dma.o(i.HAL_DMA_Abort)
    HAL_DMA_DeInit                           0x0800229f   Thumb Code    98  stm32f7xx_hal_dma.o(i.HAL_DMA_DeInit)
    HAL_DMA_Init                             0x08002301   Thumb Code   228  stm32f7xx_hal_dma.o(i.HAL_DMA_Init)
    HAL_Delay                                0x080023e9   Thumb Code    26  stm32f7xx_hal.o(i.HAL_Delay)
    HAL_GPIO_DeInit                          0x08002405   Thumb Code   336  stm32f7xx_hal_gpio.o(i.HAL_GPIO_DeInit)
    HAL_GPIO_Init                            0x08002585   Thumb Code   484  stm32f7xx_hal_gpio.o(i.HAL_GPIO_Init)
    HAL_GPIO_ReadPin                         0x0800279d   Thumb Code    16  stm32f7xx_hal_gpio.o(i.HAL_GPIO_ReadPin)
    HAL_GPIO_WritePin                        0x080027ad   Thumb Code    12  stm32f7xx_hal_gpio.o(i.HAL_GPIO_WritePin)
    HAL_GetTick                              0x080027b9   Thumb Code     6  stm32f7xx_hal.o(i.HAL_GetTick)
    HAL_IncTick                              0x080027c5   Thumb Code    12  stm32f7xx_hal.o(i.HAL_IncTick)
    HAL_InitTick                             0x080027d5   Thumb Code    36  stm32f7xx_hal.o(i.HAL_InitTick)
    HAL_LTDC_ConfigLayer                     0x080027fd   Thumb Code    94  stm32f7xx_hal_ltdc.o(i.HAL_LTDC_ConfigLayer)
    HAL_LTDC_Init                            0x0800285d   Thumb Code   290  stm32f7xx_hal_ltdc.o(i.HAL_LTDC_Init)
    HAL_LTDC_MspInit                         0x08002985   Thumb Code     2  stm32f7xx_hal_ltdc.o(i.HAL_LTDC_MspInit)
    HAL_NVIC_DisableIRQ                      0x08002989   Thumb Code    30  stm32f7xx_hal_cortex.o(i.HAL_NVIC_DisableIRQ)
    HAL_NVIC_EnableIRQ                       0x080029ad   Thumb Code    32  stm32f7xx_hal_cortex.o(i.HAL_NVIC_EnableIRQ)
    HAL_NVIC_SetPriority                     0x080029cd   Thumb Code   124  stm32f7xx_hal_cortex.o(i.HAL_NVIC_SetPriority)
    HAL_PWREx_EnableOverDrive                0x08002a49   Thumb Code   136  stm32f7xx_hal_pwr_ex.o(i.HAL_PWREx_EnableOverDrive)
    HAL_RCCEx_PeriphCLKConfig                0x08002ad9   Thumb Code  2322  stm32f7xx_hal_rcc_ex.o(i.HAL_RCCEx_PeriphCLKConfig)
    HAL_RCC_ClockConfig                      0x080033f1   Thumb Code   420  stm32f7xx_hal_rcc.o(i.HAL_RCC_ClockConfig)
    HAL_RCC_GetHCLKFreq                      0x080035a5   Thumb Code     6  stm32f7xx_hal_rcc.o(i.HAL_RCC_GetHCLKFreq)
    HAL_RCC_GetPCLK1Freq                     0x080035b1   Thumb Code    36  stm32f7xx_hal_rcc.o(i.HAL_RCC_GetPCLK1Freq)
    HAL_RCC_GetPCLK2Freq                     0x080035dd   Thumb Code    36  stm32f7xx_hal_rcc.o(i.HAL_RCC_GetPCLK2Freq)
    HAL_RCC_GetSysClockFreq                  0x08003609   Thumb Code   168  stm32f7xx_hal_rcc.o(i.HAL_RCC_GetSysClockFreq)
    HAL_RCC_OscConfig                        0x080036bd   Thumb Code  1210  stm32f7xx_hal_rcc.o(i.HAL_RCC_OscConfig)
    HAL_SDRAM_Init                           0x08003b7d   Thumb Code    64  stm32f7xx_hal_sdram.o(i.HAL_SDRAM_Init)
    HAL_SDRAM_MspInit                        0x08003bbd   Thumb Code     2  stm32f7xx_hal_sdram.o(i.HAL_SDRAM_MspInit)
    HAL_SDRAM_ProgramRefreshRate             0x08003bbf   Thumb Code    40  stm32f7xx_hal_sdram.o(i.HAL_SDRAM_ProgramRefreshRate)
    HAL_SDRAM_SendCommand                    0x08003be7   Thumb Code    58  stm32f7xx_hal_sdram.o(i.HAL_SDRAM_SendCommand)
    HAL_SYSTICK_Config                       0x08003c21   Thumb Code    52  stm32f7xx_hal_cortex.o(i.HAL_SYSTICK_Config)
    SysTick_Handler                          0x08003ea1   Thumb Code     8  setup.o(i.SysTick_Handler)
    SystemInit                               0x08003f19   Thumb Code    82  system_stm32f7xx.o(i.SystemInit)
    UART7_IRQHandler                         0x08003f7d   Thumb Code    10  usart_stm32f7xx.o(i.UART7_IRQHandler)
    USART6_IRQHandler                        0x08003ff5   Thumb Code    10  usart_stm32f7xx.o(i.USART6_IRQHandler)
    USART_IRQHandler                         0x08004b59   Thumb Code   644  usart_stm32f7xx.o(i.USART_IRQHandler)
    __ARM_fpclassify                         0x080055c5   Thumb Code    48  fpclassify.o(i.__ARM_fpclassify)
    __hardfp_cos                             0x080055f9   Thumb Code   180  cos.o(i.__hardfp_cos)
    __hardfp_sin                             0x080056c1   Thumb Code   180  sin.o(i.__hardfp_sin)
    __ieee754_rem_pio2                       0x08005789   Thumb Code   938  rred.o(i.__ieee754_rem_pio2)
    __kernel_cos                             0x08005bc1   Thumb Code   322  cos_i.o(i.__kernel_cos)
    __kernel_poly                            0x08005d31   Thumb Code   248  poly.o(i.__kernel_poly)
    __kernel_sin                             0x08005e29   Thumb Code   280  sin_i.o(i.__kernel_sin)
    __mathlib_dbl_infnan                     0x08005f59   Thumb Code    20  dunder.o(i.__mathlib_dbl_infnan)
    __mathlib_dbl_invalid                    0x08005f71   Thumb Code    24  dunder.o(i.__mathlib_dbl_invalid)
    __mathlib_dbl_underflow                  0x08005f91   Thumb Code    24  dunder.o(i.__mathlib_dbl_underflow)
    _is_digit                                0x08005fb1   Thumb Code    14  __printf_wp.o(i._is_digit)
    add_command                              0x08005fc1   Thumb Code    42  cli.o(i.add_command)
    block                                    0x08005ff1   Thumb Code    20  cli.o(i.block)
    count                                    0x08006005   Thumb Code    46  cli.o(i.count)
    fabs                                     0x08006079   Thumb Code    24  fabs.o(i.fabs)
    get_command                              0x08006091   Thumb Code   680  cli.o(i.get_command)
    go_forward                               0x08006341   Thumb Code    50  cli.o(i.go_forward)
    main                                     0x08006385   Thumb Code   216  main.o(i.main)
    myUSART6_callback                        0x08006495   Thumb Code    40  cli.o(i.myUSART6_callback)
    myUSART7_callback                        0x080064d5   Thumb Code    14  cli.o(i.myUSART7_callback)
    parse_command                            0x080064e9   Thumb Code  2322  cli.o(i.parse_command)
    print_num                                0x08006e75   Thumb Code    30  main.o(i.print_num)
    set_wheels                               0x08006e99   Thumb Code    90  cli.o(i.set_wheels)
    setup_device                             0x08006f09   Thumb Code   528  setup.o(i.setup_device)
    _get_lc_numeric                          0x08007151   Thumb Code    44  lc_numeric_c.o(locale$$code)
    _get_lc_ctype                            0x0800717d   Thumb Code    44  lc_ctype_c.o(locale$$code)
    __aeabi_dneg                             0x080071a9   Thumb Code     0  basic.o(x$fpl$basic)
    _dneg                                    0x080071a9   Thumb Code     6  basic.o(x$fpl$basic)
    __aeabi_fneg                             0x080071af   Thumb Code     0  basic.o(x$fpl$basic)
    _fneg                                    0x080071af   Thumb Code     6  basic.o(x$fpl$basic)
    _dabs                                    0x080071b5   Thumb Code     6  basic.o(x$fpl$basic)
    _fabs                                    0x080071bb   Thumb Code     6  basic.o(x$fpl$basic)
    __aeabi_d2f                              0x080071c1   Thumb Code     0  d2f.o(x$fpl$d2f)
    _d2f                                     0x080071c1   Thumb Code    98  d2f.o(x$fpl$d2f)
    __aeabi_dadd                             0x08007225   Thumb Code     0  daddsub_clz.o(x$fpl$dadd)
    _dadd                                    0x08007225   Thumb Code   332  daddsub_clz.o(x$fpl$dadd)
    __aeabi_ddiv                             0x08007375   Thumb Code     0  ddiv.o(x$fpl$ddiv)
    _ddiv                                    0x08007375   Thumb Code   552  ddiv.o(x$fpl$ddiv)
    __aeabi_d2iz                             0x08007625   Thumb Code     0  dfix.o(x$fpl$dfix)
    _dfix                                    0x08007625   Thumb Code    94  dfix.o(x$fpl$dfix)
    __aeabi_i2d                              0x08007683   Thumb Code     0  dflt_clz.o(x$fpl$dflt)
    _dflt                                    0x08007683   Thumb Code    46  dflt_clz.o(x$fpl$dflt)
    __aeabi_ui2d                             0x080076b1   Thumb Code     0  dflt_clz.o(x$fpl$dfltu)
    _dfltu                                   0x080076b1   Thumb Code    38  dflt_clz.o(x$fpl$dfltu)
    __aeabi_dmul                             0x080076d9   Thumb Code     0  dmul.o(x$fpl$dmul)
    _dmul                                    0x080076d9   Thumb Code   332  dmul.o(x$fpl$dmul)
    __fpl_dnaninf                            0x0800782d   Thumb Code   156  dnaninf.o(x$fpl$dnaninf)
    __fpl_dretinf                            0x080078c9   Thumb Code    12  dretinf.o(x$fpl$dretinf)
    __aeabi_drsub                            0x080078d5   Thumb Code     0  daddsub_clz.o(x$fpl$drsb)
    _drsb                                    0x080078d5   Thumb Code    22  daddsub_clz.o(x$fpl$drsb)
    __aeabi_dsub                             0x080078ed   Thumb Code     0  daddsub_clz.o(x$fpl$dsub)
    _dsub                                    0x080078ed   Thumb Code   464  daddsub_clz.o(x$fpl$dsub)
    __aeabi_f2d                              0x08007ac1   Thumb Code     0  f2d.o(x$fpl$f2d)
    _f2d                                     0x08007ac1   Thumb Code    86  f2d.o(x$fpl$f2d)
    __fpl_fnaninf                            0x08007b17   Thumb Code   140  fnaninf.o(x$fpl$fnaninf)
    _fp_init                                 0x08007ba3   Thumb Code    10  fpinit.o(x$fpl$fpinit)
    __fplib_config_fpu_vfp                   0x08007bab   Thumb Code     0  fpinit.o(x$fpl$fpinit)
    __fplib_config_pureend_doubles           0x08007bab   Thumb Code     0  fpinit.o(x$fpl$fpinit)
    __fpl_fretinf                            0x08007bad   Thumb Code    10  fretinf.o(x$fpl$fretinf)
    _printf_fp_dec                           0x08007bb7   Thumb Code     4  printf1.o(x$fpl$printf1)
    __I$use$fp                               0x08007bba   Number         0  usenofp.o(x$fpl$usenofp)
    GLCD_Font_6x8                            0x0800943c   Data          16  glcd_fonts.o(.constdata)
    GLCD_Font_16x24                          0x0800944c   Data          16  glcd_fonts.o(.constdata)
    Driver_USART6                            0x080094f0   Data          56  usart_stm32f7xx.o(.constdata)
    Driver_USART7                            0x08009528   Data          56  usart_stm32f7xx.o(.constdata)
    AHBPrescTable                            0x08009568   Data          16  system_stm32f7xx.o(.constdata)
    APBPrescTable                            0x08009578   Data           8  system_stm32f7xx.o(.constdata)
    Region$$Table$$Base                      0x0800975c   Number         0  anon$$obj.o(Region$$Table)
    Region$$Table$$Limit                     0x0800977c   Number         0  anon$$obj.o(Region$$Table)
    __ctype                                  0x080097a5   Data           0  lc_ctype_c.o(locale$$data)
    match                                    0x20010000   Data           4  cli.o(.data)
    going_forward                            0x20010004   Data           4  cli.o(.data)
    drive_ccr2                               0x20010008   Data           4  cli.o(.data)
    scan_done                                0x2001000c   Data           4  cli.o(.data)
    CR                                       0x20010010   Data           1  main.o(.data)
    new_line                                 0x20010014   Data           4  main.o(.data)
    acc                                      0x20010018   Data           4  main.o(.data)
    UART7_sent                               0x2001001c   Data           4  main.o(.data)
    UART6_sent                               0x20010020   Data           4  main.o(.data)
    scan                                     0x20010024   Data           3  main.o(.data)
    stop                                     0x20010027   Data           3  main.o(.data)
    dist                                     0x2001002c   Data           4  main.o(.data)
    uwTick                                   0x2001003c   Data           4  stm32f7xx_hal.o(.data)
    SystemCoreClock                          0x20010040   Data           4  system_stm32f7xx.o(.data)
    sdramHandle                              0x20010044   Data          52  stm32746g_discovery_sdram.o(.bss)
    __libspace_start                         0x2001027c   Data          96  libspace.o(.bss)
    __temporary_stack_top$libspace           0x200102dc   Data           0  libspace.o(.bss)



==============================================================================

Memory Map of the image

  Image Entry point : 0x08000299

  Load Region LR_1 (Base: 0x08000000, Size: 0x000098ec, Max: 0xffffffff, ABSOLUTE)

    Execution Region ER_RO (Base: 0x08000000, Size: 0x000098a8, Max: 0xffffffff, ABSOLUTE)

    Base Addr    Size         Type   Attr      Idx    E Section Name        Object

    0x08000000   0x000001c8   Data   RO         2235    RESET               startup_stm32f746xx.o
    0x080001c8   0x00000008   Code   RO         2350  * !!!main             c_w.l(__main.o)
    0x080001d0   0x00000034   Code   RO         2676    !!!scatter          c_w.l(__scatter.o)
    0x08000204   0x0000001a   Code   RO         2678    !!handler_copy      c_w.l(__scatter_copy.o)
    0x0800021e   0x00000002   PAD
    0x08000220   0x0000001c   Code   RO         2680    !!handler_zi        c_w.l(__scatter_zi.o)
    0x0800023c   0x00000000   Code   RO         2333    .ARM.Collect$$_printf_percent$$00000000  c_w.l(_printf_percent.o)
    0x0800023c   0x00000006   Code   RO         2332    .ARM.Collect$$_printf_percent$$00000003  c_w.l(_printf_f.o)
    0x08000242   0x00000006   Code   RO         2331    .ARM.Collect$$_printf_percent$$00000009  c_w.l(_printf_d.o)
    0x08000248   0x00000006   Code   RO         2330    .ARM.Collect$$_printf_percent$$0000000C  c_w.l(_printf_x.o)
    0x0800024e   0x00000004   Code   RO         2420    .ARM.Collect$$_printf_percent$$00000017  c_w.l(_printf_percent_end.o)
    0x08000252   0x00000002   Code   RO         2549    .ARM.Collect$$libinit$$00000000  c_w.l(libinit.o)
    0x08000254   0x00000004   Code   RO         2550    .ARM.Collect$$libinit$$00000001  c_w.l(libinit2.o)
    0x08000258   0x00000000   Code   RO         2553    .ARM.Collect$$libinit$$00000004  c_w.l(libinit2.o)
    0x08000258   0x00000000   Code   RO         2556    .ARM.Collect$$libinit$$0000000A  c_w.l(libinit2.o)
    0x08000258   0x00000000   Code   RO         2558    .ARM.Collect$$libinit$$0000000C  c_w.l(libinit2.o)
    0x08000258   0x00000000   Code   RO         2560    .ARM.Collect$$libinit$$0000000E  c_w.l(libinit2.o)
    0x08000258   0x00000006   Code   RO         2561    .ARM.Collect$$libinit$$0000000F  c_w.l(libinit2.o)
    0x0800025e   0x00000000   Code   RO         2563    .ARM.Collect$$libinit$$00000011  c_w.l(libinit2.o)
    0x0800025e   0x0000000c   Code   RO         2564    .ARM.Collect$$libinit$$00000012  c_w.l(libinit2.o)
    0x0800026a   0x00000000   Code   RO         2565    .ARM.Collect$$libinit$$00000013  c_w.l(libinit2.o)
    0x0800026a   0x00000000   Code   RO         2567    .ARM.Collect$$libinit$$00000015  c_w.l(libinit2.o)
    0x0800026a   0x0000000a   Code   RO         2568    .ARM.Collect$$libinit$$00000016  c_w.l(libinit2.o)
    0x08000274   0x00000000   Code   RO         2569    .ARM.Collect$$libinit$$00000017  c_w.l(libinit2.o)
    0x08000274   0x00000000   Code   RO         2571    .ARM.Collect$$libinit$$00000019  c_w.l(libinit2.o)
    0x08000274   0x00000000   Code   RO         2573    .ARM.Collect$$libinit$$0000001B  c_w.l(libinit2.o)
    0x08000274   0x00000000   Code   RO         2575    .ARM.Collect$$libinit$$0000001D  c_w.l(libinit2.o)
    0x08000274   0x00000000   Code   RO         2577    .ARM.Collect$$libinit$$0000001F  c_w.l(libinit2.o)
    0x08000274   0x00000000   Code   RO         2579    .ARM.Collect$$libinit$$00000021  c_w.l(libinit2.o)
    0x08000274   0x00000000   Code   RO         2581    .ARM.Collect$$libinit$$00000023  c_w.l(libinit2.o)
    0x08000274   0x00000000   Code   RO         2583    .ARM.Collect$$libinit$$00000025  c_w.l(libinit2.o)
    0x08000274   0x00000000   Code   RO         2587    .ARM.Collect$$libinit$$0000002C  c_w.l(libinit2.o)
    0x08000274   0x00000000   Code   RO         2589    .ARM.Collect$$libinit$$0000002E  c_w.l(libinit2.o)
    0x08000274   0x00000000   Code   RO         2591    .ARM.Collect$$libinit$$00000030  c_w.l(libinit2.o)
    0x08000274   0x00000000   Code   RO         2593    .ARM.Collect$$libinit$$00000032  c_w.l(libinit2.o)
    0x08000274   0x00000002   Code   RO         2594    .ARM.Collect$$libinit$$00000033  c_w.l(libinit2.o)
    0x08000276   0x00000002   Code   RO         2624    .ARM.Collect$$libshutdown$$00000000  c_w.l(libshutdown.o)
    0x08000278   0x00000000   Code   RO         2635    .ARM.Collect$$libshutdown$$00000002  c_w.l(libshutdown2.o)
    0x08000278   0x00000000   Code   RO         2637    .ARM.Collect$$libshutdown$$00000004  c_w.l(libshutdown2.o)
    0x08000278   0x00000000   Code   RO         2640    .ARM.Collect$$libshutdown$$00000007  c_w.l(libshutdown2.o)
    0x08000278   0x00000000   Code   RO         2643    .ARM.Collect$$libshutdown$$0000000A  c_w.l(libshutdown2.o)
    0x08000278   0x00000000   Code   RO         2645    .ARM.Collect$$libshutdown$$0000000C  c_w.l(libshutdown2.o)
    0x08000278   0x00000000   Code   RO         2648    .ARM.Collect$$libshutdown$$0000000F  c_w.l(libshutdown2.o)
    0x08000278   0x00000002   Code   RO         2649    .ARM.Collect$$libshutdown$$00000010  c_w.l(libshutdown2.o)
    0x0800027a   0x00000000   Code   RO         2404    .ARM.Collect$$rtentry$$00000000  c_w.l(__rtentry.o)
    0x0800027a   0x00000000   Code   RO         2466    .ARM.Collect$$rtentry$$00000002  c_w.l(__rtentry2.o)
    0x0800027a   0x00000006   Code   RO         2478    .ARM.Collect$$rtentry$$00000004  c_w.l(__rtentry4.o)
    0x08000280   0x00000000   Code   RO         2468    .ARM.Collect$$rtentry$$00000009  c_w.l(__rtentry2.o)
    0x08000280   0x00000004   Code   RO         2469    .ARM.Collect$$rtentry$$0000000A  c_w.l(__rtentry2.o)
    0x08000284   0x00000000   Code   RO         2471    .ARM.Collect$$rtentry$$0000000C  c_w.l(__rtentry2.o)
    0x08000284   0x00000008   Code   RO         2472    .ARM.Collect$$rtentry$$0000000D  c_w.l(__rtentry2.o)
    0x0800028c   0x00000002   Code   RO         2595    .ARM.Collect$$rtexit$$00000000  c_w.l(rtexit.o)
    0x0800028e   0x00000000   Code   RO         2602    .ARM.Collect$$rtexit$$00000002  c_w.l(rtexit2.o)
    0x0800028e   0x00000004   Code   RO         2603    .ARM.Collect$$rtexit$$00000003  c_w.l(rtexit2.o)
    0x08000292   0x00000006   Code   RO         2604    .ARM.Collect$$rtexit$$00000004  c_w.l(rtexit2.o)
    0x08000298   0x00000040   Code   RO         2236  * .text               startup_stm32f746xx.o
    0x080002d8   0x0000002c   Code   RO         2279    .text               c_w.l(__2sprintf.o)
    0x08000304   0x0000004e   Code   RO         2285    .text               c_w.l(_printf_pad.o)
    0x08000352   0x00000002   PAD
    0x08000354   0x00000078   Code   RO         2287    .text               c_w.l(_printf_dec.o)
    0x080003cc   0x00000058   Code   RO         2292    .text               c_w.l(_printf_hex_int.o)
    0x08000424   0x0000010e   Code   RO         2318    .text               c_w.l(__printf_wp.o)
    0x08000532   0x0000001a   Code   RO         2334    .text               c_w.l(atoi.o)
    0x0800054c   0x00000024   Code   RO         2336    .text               c_w.l(strncat.o)
    0x08000570   0x00000048   Code   RO         2338    .text               c_w.l(strcpy.o)
    0x080005b8   0x0000003e   Code   RO         2340    .text               c_w.l(strlen.o)
    0x080005f6   0x00000064   Code   RO         2342    .text               c_w.l(rt_memcpy_w.o)
    0x0800065a   0x0000004e   Code   RO         2344    .text               c_w.l(rt_memclr_w.o)
    0x080006a8   0x00000068   Code   RO         2346    .text               c_w.l(strcmpv7m_pel.o)
    0x08000710   0x00000006   Code   RO         2348    .text               c_w.l(heapauxi.o)
    0x08000716   0x00000002   PAD
    0x08000718   0x00000008   Code   RO         2408    .text               c_w.l(rt_errno_addr_intlibspace.o)
    0x08000720   0x00000016   Code   RO         2410    .text               c_w.l(_rserrno.o)
    0x08000736   0x000000b2   Code   RO         2412    .text               c_w.l(_printf_intcommon.o)
    0x080007e8   0x0000041a   Code   RO         2414    .text               c_w.l(_printf_fp_dec.o)
    0x08000c02   0x00000002   PAD
    0x08000c04   0x00000030   Code   RO         2416    .text               c_w.l(_printf_char_common.o)
    0x08000c34   0x0000000a   Code   RO         2418    .text               c_w.l(_sputc.o)
    0x08000c3e   0x00000070   Code   RO         2421    .text               c_w.l(strtol.o)
    0x08000cae   0x00000002   PAD
    0x08000cb0   0x00000008   Code   RO         2462    .text               c_w.l(libspace.o)
    0x08000cb8   0x00000010   Code   RO         2480    .text               c_w.l(rt_ctype_table.o)
    0x08000cc8   0x00000008   Code   RO         2485    .text               c_w.l(rt_locale_intlibspace.o)
    0x08000cd0   0x0000008a   Code   RO         2487    .text               c_w.l(lludiv10.o)
    0x08000d5a   0x00000002   PAD
    0x08000d5c   0x00000080   Code   RO         2489    .text               c_w.l(_printf_fp_infnan.o)
    0x08000ddc   0x0000009e   Code   RO         2493    .text               c_w.l(_strtoul.o)
    0x08000e7a   0x00000002   PAD
    0x08000e7c   0x000000dc   Code   RO         2495    .text               c_w.l(bigflt0.o)
    0x08000f58   0x0000004a   Code   RO         2535    .text               c_w.l(sys_stackheap_outer.o)
    0x08000fa2   0x0000001c   Code   RO         2537    .text               c_w.l(_chval.o)
    0x08000fbe   0x00000012   Code   RO         2542    .text               c_w.l(exit.o)
    0x08000fd0   0x0000000c   Code   RO         2614    .text               c_w.l(sys_exit.o)
    0x08000fdc   0x00000002   Code   RO         2625    .text               c_w.l(use_no_semi.o)
    0x08000fde   0x00000000   Code   RO         2627    .text               c_w.l(indicate_semi.o)
    0x08000fde   0x0000003e   Code   RO         2498    CL$$btod_d2e        c_w.l(btod.o)
    0x0800101c   0x00000046   Code   RO         2500    CL$$btod_d2e_denorm_low  c_w.l(btod.o)
    0x08001062   0x00000060   Code   RO         2499    CL$$btod_d2e_norm_op1  c_w.l(btod.o)
    0x080010c2   0x00000338   Code   RO         2508    CL$$btod_div_common  c_w.l(btod.o)
    0x080013fa   0x000000c6   Code   RO         2505    CL$$btod_e2e        c_w.l(btod.o)
    0x080014c0   0x00000028   Code   RO         2502    CL$$btod_ediv       c_w.l(btod.o)
    0x080014e8   0x00000028   Code   RO         2501    CL$$btod_emul       c_w.l(btod.o)
    0x08001510   0x00000244   Code   RO         2507    CL$$btod_mult_common  c_w.l(btod.o)
    0x08001754   0x0000008c   Code   RO          317    i.BSP_SDRAM_Init    stm32746g_discovery_sdram.o
    0x080017e0   0x00000098   Code   RO          318    i.BSP_SDRAM_Initialization_sequence  stm32746g_discovery_sdram.o
    0x08001878   0x000001c8   Code   RO          320    i.BSP_SDRAM_MspInit  stm32746g_discovery_sdram.o
    0x08001a40   0x00000034   Code   RO         1088    i.DMA_CalcBaseAndBitshift  stm32f7xx_hal_dma.o
    0x08001a74   0x000000ba   Code   RO         1089    i.DMA_CheckFifoParam  stm32f7xx_hal_dma.o
    0x08001b2e   0x00000002   PAD
    0x08001b30   0x00000094   Code   RO          207    i.EXTI15_10_IRQHandler  main.o
    0x08001bc4   0x00000160   Code   RO          531    i.Enable_GPIO_Clock  usart_stm32f7xx.o
    0x08001d24   0x00000074   Code   RO         2101    i.FMC_SDRAM_Init    stm32f7xx_ll_fmc.o
    0x08001d98   0x0000000e   Code   RO         2102    i.FMC_SDRAM_ProgramRefreshRate  stm32f7xx_ll_fmc.o
    0x08001da6   0x00000052   Code   RO         2103    i.FMC_SDRAM_SendCommand  stm32f7xx_ll_fmc.o
    0x08001df8   0x0000009c   Code   RO         2105    i.FMC_SDRAM_Timing_Init  stm32f7xx_ll_fmc.o
    0x08001e94   0x00000024   Code   RO          398    i.GLCD_ClearScreen  glcd_746g_discovery.o
    0x08001eb8   0x000000d8   Code   RO          401    i.GLCD_DrawChar     glcd_746g_discovery.o
    0x08001f90   0x0000002c   Code   RO          405    i.GLCD_DrawString   glcd_746g_discovery.o
    0x08001fbc   0x00000218   Code   RO          409    i.GLCD_Initialize   glcd_746g_discovery.o
    0x080021d4   0x00000010   Code   RO          411    i.GLCD_SetFont      glcd_746g_discovery.o
    0x080021e4   0x00000010   Code   RO          412    i.GLCD_SetForegroundColor  glcd_746g_discovery.o
    0x080021f4   0x000000aa   Code   RO         1091    i.HAL_DMA_Abort     stm32f7xx_hal_dma.o
    0x0800229e   0x00000062   Code   RO         1093    i.HAL_DMA_DeInit    stm32f7xx_hal_dma.o
    0x08002300   0x000000e8   Code   RO         1097    i.HAL_DMA_Init      stm32f7xx_hal_dma.o
    0x080023e8   0x0000001a   Code   RO          808    i.HAL_Delay         stm32f7xx_hal.o
    0x08002402   0x00000002   PAD
    0x08002404   0x00000180   Code   RO         1235    i.HAL_GPIO_DeInit   stm32f7xx_hal_gpio.o
    0x08002584   0x00000218   Code   RO         1238    i.HAL_GPIO_Init     stm32f7xx_hal_gpio.o
    0x0800279c   0x00000010   Code   RO         1240    i.HAL_GPIO_ReadPin  stm32f7xx_hal_gpio.o
    0x080027ac   0x0000000c   Code   RO         1242    i.HAL_GPIO_WritePin  stm32f7xx_hal_gpio.o
    0x080027b8   0x0000000c   Code   RO          816    i.HAL_GetTick       stm32f7xx_hal.o
    0x080027c4   0x00000010   Code   RO          817    i.HAL_IncTick       stm32f7xx_hal.o
    0x080027d4   0x00000028   Code   RO          819    i.HAL_InitTick      stm32f7xx_hal.o
    0x080027fc   0x0000005e   Code   RO         1304    i.HAL_LTDC_ConfigLayer  stm32f7xx_hal_ltdc.o
    0x0800285a   0x00000002   PAD
    0x0800285c   0x00000128   Code   RO         1321    i.HAL_LTDC_Init     stm32f7xx_hal_ltdc.o
    0x08002984   0x00000002   Code   RO         1324    i.HAL_LTDC_MspInit  stm32f7xx_hal_ltdc.o
    0x08002986   0x00000002   PAD
    0x08002988   0x00000024   Code   RO          962    i.HAL_NVIC_DisableIRQ  stm32f7xx_hal_cortex.o
    0x080029ac   0x00000020   Code   RO          963    i.HAL_NVIC_EnableIRQ  stm32f7xx_hal_cortex.o
    0x080029cc   0x0000007c   Code   RO          969    i.HAL_NVIC_SetPriority  stm32f7xx_hal_cortex.o
    0x08002a48   0x00000090   Code   RO         1706    i.HAL_PWREx_EnableOverDrive  stm32f7xx_hal_pwr_ex.o
    0x08002ad8   0x00000918   Code   RO         1896    i.HAL_RCCEx_PeriphCLKConfig  stm32f7xx_hal_rcc_ex.o
    0x080033f0   0x000001b4   Code   RO         1793    i.HAL_RCC_ClockConfig  stm32f7xx_hal_rcc.o
    0x080035a4   0x0000000c   Code   RO         1798    i.HAL_RCC_GetHCLKFreq  stm32f7xx_hal_rcc.o
    0x080035b0   0x0000002c   Code   RO         1800    i.HAL_RCC_GetPCLK1Freq  stm32f7xx_hal_rcc.o
    0x080035dc   0x0000002c   Code   RO         1801    i.HAL_RCC_GetPCLK2Freq  stm32f7xx_hal_rcc.o
    0x08003608   0x000000b4   Code   RO         1802    i.HAL_RCC_GetSysClockFreq  stm32f7xx_hal_rcc.o
    0x080036bc   0x000004c0   Code   RO         1805    i.HAL_RCC_OscConfig  stm32f7xx_hal_rcc.o
    0x08003b7c   0x00000040   Code   RO         1936    i.HAL_SDRAM_Init    stm32f7xx_hal_sdram.o
    0x08003bbc   0x00000002   Code   RO         1938    i.HAL_SDRAM_MspInit  stm32f7xx_hal_sdram.o
    0x08003bbe   0x00000028   Code   RO         1939    i.HAL_SDRAM_ProgramRefreshRate  stm32f7xx_hal_sdram.o
    0x08003be6   0x0000003a   Code   RO         1945    i.HAL_SDRAM_SendCommand  stm32f7xx_hal_sdram.o
    0x08003c20   0x00000034   Code   RO          974    i.HAL_SYSTICK_Config  stm32f7xx_hal_cortex.o
    0x08003c54   0x00000212   Code   RO         1340    i.LTDC_SetConfig    stm32f7xx_hal_ltdc.o
    0x08003e66   0x00000002   PAD
    0x08003e68   0x00000010   Code   RO          976    i.NVIC_GetPriorityGrouping  stm32f7xx_hal_cortex.o
    0x08003e78   0x00000028   Code   RO          977    i.NVIC_SetPriority  stm32f7xx_hal_cortex.o
    0x08003ea0   0x00000008   Code   RO          273    i.SysTick_Handler   setup.o
    0x08003ea8   0x0000006e   Code   RO          274    i.SystemClock_Config  setup.o
    0x08003f16   0x00000002   PAD
    0x08003f18   0x00000064   Code   RO         2244    i.SystemInit        system_stm32f7xx.o
    0x08003f7c   0x00000010   Code   RO          532    i.UART7_IRQHandler  usart_stm32f7xx.o
    0x08003f8c   0x00000018   Code   RO          533    i.USART6_Control    usart_stm32f7xx.o
    0x08003fa4   0x00000010   Code   RO          534    i.USART6_GetCapabilities  usart_stm32f7xx.o
    0x08003fb4   0x00000010   Code   RO          535    i.USART6_GetModemStatus  usart_stm32f7xx.o
    0x08003fc4   0x00000010   Code   RO          536    i.USART6_GetRxCount  usart_stm32f7xx.o
    0x08003fd4   0x00000010   Code   RO          537    i.USART6_GetStatus  usart_stm32f7xx.o
    0x08003fe4   0x00000010   Code   RO          538    i.USART6_GetTxCount  usart_stm32f7xx.o
    0x08003ff4   0x00000010   Code   RO          539    i.USART6_IRQHandler  usart_stm32f7xx.o
    0x08004004   0x00000014   Code   RO          540    i.USART6_Initialize  usart_stm32f7xx.o
    0x08004018   0x00000014   Code   RO          541    i.USART6_PowerControl  usart_stm32f7xx.o
    0x0800402c   0x00000018   Code   RO          542    i.USART6_Receive    usart_stm32f7xx.o
    0x08004044   0x00000018   Code   RO          543    i.USART6_Send       usart_stm32f7xx.o
    0x0800405c   0x00000014   Code   RO          544    i.USART6_SetModemControl  usart_stm32f7xx.o
    0x08004070   0x0000001c   Code   RO          545    i.USART6_Transfer   usart_stm32f7xx.o
    0x0800408c   0x00000010   Code   RO          546    i.USART6_Uninitialize  usart_stm32f7xx.o
    0x0800409c   0x00000018   Code   RO          547    i.USART7_Control    usart_stm32f7xx.o
    0x080040b4   0x00000010   Code   RO          548    i.USART7_GetCapabilities  usart_stm32f7xx.o
    0x080040c4   0x00000010   Code   RO          549    i.USART7_GetModemStatus  usart_stm32f7xx.o
    0x080040d4   0x00000010   Code   RO          550    i.USART7_GetRxCount  usart_stm32f7xx.o
    0x080040e4   0x00000010   Code   RO          551    i.USART7_GetStatus  usart_stm32f7xx.o
    0x080040f4   0x00000010   Code   RO          552    i.USART7_GetTxCount  usart_stm32f7xx.o
    0x08004104   0x00000014   Code   RO          553    i.USART7_Initialize  usart_stm32f7xx.o
    0x08004118   0x00000014   Code   RO          554    i.USART7_PowerControl  usart_stm32f7xx.o
    0x0800412c   0x00000018   Code   RO          555    i.USART7_Receive    usart_stm32f7xx.o
    0x08004144   0x00000018   Code   RO          556    i.USART7_Send       usart_stm32f7xx.o
    0x0800415c   0x00000014   Code   RO          557    i.USART7_SetModemControl  usart_stm32f7xx.o
    0x08004170   0x0000001c   Code   RO          558    i.USART7_Transfer   usart_stm32f7xx.o
    0x0800418c   0x00000010   Code   RO          559    i.USART7_Uninitialize  usart_stm32f7xx.o
    0x0800419c   0x000008d6   Code   RO          560    i.USART_Control     usart_stm32f7xx.o
    0x08004a72   0x00000006   Code   RO          561    i.USART_GetCapabilities  usart_stm32f7xx.o
    0x08004a78   0x0000005a   Code   RO          562    i.USART_GetModemStatus  usart_stm32f7xx.o
    0x08004ad2   0x00000008   Code   RO          563    i.USART_GetRxCount  usart_stm32f7xx.o
    0x08004ada   0x00000076   Code   RO          564    i.USART_GetStatus   usart_stm32f7xx.o
    0x08004b50   0x00000008   Code   RO          565    i.USART_GetTxCount  usart_stm32f7xx.o
    0x08004b58   0x00000284   Code   RO          566    i.USART_IRQHandler  usart_stm32f7xx.o
    0x08004ddc   0x0000008a   Code   RO          567    i.USART_Initialize  usart_stm32f7xx.o
    0x08004e66   0x00000002   PAD
    0x08004e68   0x0000019c   Code   RO          568    i.USART_PeripheralReset  usart_stm32f7xx.o
    0x08005004   0x00000338   Code   RO          569    i.USART_PowerControl  usart_stm32f7xx.o
    0x0800533c   0x000000a8   Code   RO          570    i.USART_Receive     usart_stm32f7xx.o
    0x080053e4   0x00000088   Code   RO          571    i.USART_Send        usart_stm32f7xx.o
    0x0800546c   0x00000072   Code   RO          572    i.USART_SetModemControl  usart_stm32f7xx.o
    0x080054de   0x0000006a   Code   RO          573    i.USART_Transfer    usart_stm32f7xx.o
    0x08005548   0x0000006a   Code   RO          574    i.USART_Uninitialize  usart_stm32f7xx.o
    0x080055b2   0x00000002   PAD
    0x080055b4   0x00000010   Code   RO          575    i.USARTx_GetVersion  usart_stm32f7xx.o
    0x080055c4   0x00000030   Code   RO         2531    i.__ARM_fpclassify  m_wm.l(fpclassify.o)
    0x080055f4   0x00000004   PAD
    0x080055f8   0x000000c8   Code   RO         2380    i.__hardfp_cos      m_wm.l(cos.o)
    0x080056c0   0x000000c8   Code   RO         2392    i.__hardfp_sin      m_wm.l(sin.o)
    0x08005788   0x00000438   Code   RO         2451    i.__ieee754_rem_pio2  m_wm.l(rred.o)
    0x08005bc0   0x00000170   Code   RO         2434    i.__kernel_cos      m_wm.l(cos_i.o)
    0x08005d30   0x000000f8   Code   RO         2533    i.__kernel_poly     m_wm.l(poly.o)
    0x08005e28   0x00000130   Code   RO         2456    i.__kernel_sin      m_wm.l(sin_i.o)
    0x08005f58   0x00000014   Code   RO         2438    i.__mathlib_dbl_infnan  m_wm.l(dunder.o)
    0x08005f6c   0x00000004   PAD
    0x08005f70   0x00000020   Code   RO         2440    i.__mathlib_dbl_invalid  m_wm.l(dunder.o)
    0x08005f90   0x00000020   Code   RO         2443    i.__mathlib_dbl_underflow  m_wm.l(dunder.o)
    0x08005fb0   0x0000000e   Code   RO         2320    i._is_digit         c_w.l(__printf_wp.o)
    0x08005fbe   0x00000002   PAD
    0x08005fc0   0x00000030   Code   RO            4    i.add_command       cli.o
    0x08005ff0   0x00000014   Code   RO            5    i.block             cli.o
    0x08006004   0x00000074   Code   RO            6    i.count             cli.o
    0x08006078   0x00000018   Code   RO         2527    i.fabs              m_wm.l(fabs.o)
    0x08006090   0x000002b0   Code   RO            7    i.get_command       cli.o
    0x08006340   0x00000044   Code   RO            8    i.go_forward        cli.o
    0x08006384   0x00000110   Code   RO          208    i.main              main.o
    0x08006494   0x00000040   Code   RO           10    i.myUSART6_callback  cli.o
    0x080064d4   0x00000014   Code   RO           11    i.myUSART7_callback  cli.o
    0x080064e8   0x0000098c   Code   RO           12    i.parse_command     cli.o
    0x08006e74   0x00000024   Code   RO          209    i.print_num         main.o
    0x08006e98   0x00000070   Code   RO           13    i.set_wheels        cli.o
    0x08006f08   0x00000248   Code   RO          275    i.setup_device      setup.o
    0x08007150   0x0000002c   Code   RO         2521    locale$$code        c_w.l(lc_numeric_c.o)
    0x0800717c   0x0000002c   Code   RO         2540    locale$$code        c_w.l(lc_ctype_c.o)
    0x080071a8   0x00000018   Code   RO         2423    x$fpl$basic         fz_wm.l(basic.o)
    0x080071c0   0x00000062   Code   RO         2352    x$fpl$d2f           fz_wm.l(d2f.o)
    0x08007222   0x00000002   PAD
    0x08007224   0x00000150   Code   RO         2354    x$fpl$dadd          fz_wm.l(daddsub_clz.o)
    0x08007374   0x000002b0   Code   RO         2361    x$fpl$ddiv          fz_wm.l(ddiv.o)
    0x08007624   0x0000005e   Code   RO         2364    x$fpl$dfix          fz_wm.l(dfix.o)
    0x08007682   0x0000002e   Code   RO         2369    x$fpl$dflt          fz_wm.l(dflt_clz.o)
    0x080076b0   0x00000026   Code   RO         2368    x$fpl$dfltu         fz_wm.l(dflt_clz.o)
    0x080076d6   0x00000002   PAD
    0x080076d8   0x00000154   Code   RO         2374    x$fpl$dmul          fz_wm.l(dmul.o)
    0x0800782c   0x0000009c   Code   RO         2425    x$fpl$dnaninf       fz_wm.l(dnaninf.o)
    0x080078c8   0x0000000c   Code   RO         2427    x$fpl$dretinf       fz_wm.l(dretinf.o)
    0x080078d4   0x00000016   Code   RO         2355    x$fpl$drsb          fz_wm.l(daddsub_clz.o)
    0x080078ea   0x00000002   PAD
    0x080078ec   0x000001d4   Code   RO         2356    x$fpl$dsub          fz_wm.l(daddsub_clz.o)
    0x08007ac0   0x00000056   Code   RO         2376    x$fpl$f2d           fz_wm.l(f2d.o)
    0x08007b16   0x0000008c   Code   RO         2429    x$fpl$fnaninf       fz_wm.l(fnaninf.o)
    0x08007ba2   0x0000000a   Code   RO         2599    x$fpl$fpinit        fz_wm.l(fpinit.o)
    0x08007bac   0x0000000a   Code   RO         2431    x$fpl$fretinf       fz_wm.l(fretinf.o)
    0x08007bb6   0x00000004   Code   RO         2378    x$fpl$printf1       fz_wm.l(printf1.o)
    0x08007bba   0x00000000   Code   RO         2433    x$fpl$usenofp       fz_wm.l(usenofp.o)
    0x08007bba   0x00000002   PAD
    0x08007bbc   0x000018a0   Data   RO          519    .constdata          glcd_fonts.o
    0x0800945c   0x00000104   Data   RO          577    .constdata          usart_stm32f7xx.o
    0x08009560   0x00000008   Data   RO         1103    .constdata          stm32f7xx_hal_dma.o
    0x08009568   0x00000018   Data   RO         2245    .constdata          system_stm32f7xx.o
    0x08009580   0x00000028   Data   RO         2293    .constdata          c_w.l(_printf_hex_int.o)
    0x080095a8   0x00000030   Data   RO         2435    .constdata          m_wm.l(cos_i.o)
    0x080095d8   0x000000c8   Data   RO         2453    .constdata          m_wm.l(rred.o)
    0x080096a0   0x00000028   Data   RO         2457    .constdata          m_wm.l(sin_i.o)
    0x080096c8   0x00000094   Data   RO         2496    .constdata          c_w.l(bigflt0.o)
    0x0800975c   0x00000020   Data   RO         2674    Region$$Table       anon$$obj.o
    0x0800977c   0x0000001c   Data   RO         2520    locale$$data        c_w.l(lc_numeric_c.o)
    0x08009798   0x00000110   Data   RO         2539    locale$$data        c_w.l(lc_ctype_c.o)


    Execution Region ER_RW (Base: 0x20010000, Size: 0x00000044, Max: 0xffffffff, ABSOLUTE)

    Base Addr    Size         Type   Attr      Idx    E Section Name        Object

    0x20010000   0x00000010   Data   RW           14    .data               cli.o
    0x20010010   0x00000020   Data   RW          210    .data               main.o
    0x20010030   0x00000002   Data   RW          327    .data               stm32746g_discovery_sdram.o
    0x20010032   0x00000002   PAD
    0x20010034   0x00000008   Data   RW          417    .data               glcd_746g_discovery.o
    0x2001003c   0x00000004   Data   RW          824    .data               stm32f7xx_hal.o
    0x20010040   0x00000004   Data   RW         2246    .data               system_stm32f7xx.o


    Execution Region ER_ZI (Base: 0x20010044, Size: 0x0000929c, Max: 0xffffffff, ABSOLUTE)

    Base Addr    Size         Type   Attr      Idx    E Section Name        Object

    0x20010044   0x00000120   Zero   RW          326    .bss                stm32746g_discovery_sdram.o
    0x20010164   0x000000a8   Zero   RW          416    .bss                glcd_746g_discovery.o
    0x2001020c   0x00000070   Zero   RW          576    .bss                usart_stm32f7xx.o
    0x2001027c   0x00000060   Zero   RW         2463    .bss                c_w.l(libspace.o)
    0x200102dc   0x00000004   PAD
    0x200102e0   0x00001000   Zero   RW         2234    HEAP                startup_stm32f746xx.o
    0x200112e0   0x00008000   Zero   RW         2233    STACK               startup_stm32f746xx.o



  Load Region LR$$.ARM.__AT_0xC0000000 (Base: 0xc0000000, Size: 0x00000000, Max: 0x0003fc00, ABSOLUTE)

    Execution Region ER$$.ARM.__AT_0xC0000000 (Base: 0xc0000000, Size: 0x0003fc00, Max: 0x0003fc00, ABSOLUTE, UNINIT)

    Base Addr    Size         Type   Attr      Idx    E Section Name        Object

    0xc0000000   0x0003fc00   Zero   RW          415    .ARM.__AT_0xC0000000  glcd_746g_discovery.o

